Training on cuda:0
训练轮次：100
模型保存位置：save_pth/07012324
开始训练！

================== Epoch: 1 ==================
Epoch 1 - Training: 100%|█████████████████████████████████████████| 134/134 [00:57<00:00,  2.34it/s]

Train Loss: 1.9310
Epoch 1 - Validation: 100%|█████████████████████████████████████████| 39/39 [00:08<00:00,  4.51it/s]

Validation Loss: 1.7764
mIoU: 0.0656 | Precision: 0.0756 | Recall: 0.1304 | F1: 0.0875

✅ Saved Best Model with mIoU: 0.0656

✅ Saved Best Model with mF1: 0.0875

================== Epoch: 2 ==================
Epoch 2 - Training: 100%|█████████████████████████████████████████| 134/134 [00:56<00:00,  2.37it/s]

Train Loss: 1.7028
Epoch 2 - Validation: 100%|█████████████████████████████████████████| 39/39 [00:08<00:00,  4.35it/s]

Validation Loss: 1.5823
mIoU: 0.0947 | Precision: 0.1531 | Recall: 0.1670 | F1: 0.1314

✅ Saved Best Model with mIoU: 0.0947

✅ Saved Best Model with mF1: 0.1314

================== Epoch: 3 ==================
Epoch 3 - Training: 100%|█████████████████████████████████████████| 134/134 [00:57<00:00,  2.32it/s]

Train Loss: 1.5138
Epoch 3 - Validation: 100%|█████████████████████████████████████████| 39/39 [00:09<00:00,  4.13it/s]

Validation Loss: 1.4405
mIoU: 0.1175 | Precision: 0.1694 | Recall: 0.1893 | F1: 0.1599

✅ Saved Best Model with mIoU: 0.1175

✅ Saved Best Model with mF1: 0.1599

================== Epoch: 4 ==================
Epoch 4 - Training: 100%|█████████████████████████████████████████| 134/134 [00:57<00:00,  2.32it/s]

Train Loss: 1.4630
Epoch 4 - Validation: 100%|█████████████████████████████████████████| 39/39 [00:09<00:00,  4.21it/s]

Validation Loss: 1.4321
mIoU: 0.1139 | Precision: 0.1721 | Recall: 0.1810 | F1: 0.1561

================== Epoch: 5 ==================
Epoch 5 - Training: 100%|█████████████████████████████████████████| 134/134 [00:56<00:00,  2.38it/s]

Train Loss: 1.4295
Epoch 5 - Validation: 100%|█████████████████████████████████████████| 39/39 [00:09<00:00,  4.27it/s]

Validation Loss: 1.3806
mIoU: 0.1202 | Precision: 0.1685 | Recall: 0.1960 | F1: 0.1635

✅ Saved Best Model with mIoU: 0.1202

✅ Saved Best Model with mF1: 0.1635

================== Epoch: 6 ==================
Epoch 6 - Training: 100%|█████████████████████████████████████████| 134/134 [00:57<00:00,  2.32it/s]

Train Loss: 1.3573
Epoch 6 - Validation: 100%|█████████████████████████████████████████| 39/39 [00:09<00:00,  3.97it/s]

Validation Loss: 1.3204
mIoU: 0.1331 | Precision: 0.1972 | Recall: 0.2080 | F1: 0.1787

✅ Saved Best Model with mIoU: 0.1331

✅ Saved Best Model with mF1: 0.1787

================== Epoch: 7 ==================
Epoch 7 - Training: 100%|█████████████████████████████████████████| 134/134 [00:57<00:00,  2.32it/s]

Train Loss: nan
Epoch 7 - Validation: 100%|█████████████████████████████████████████| 39/39 [00:09<00:00,  4.28it/s]

Validation Loss: 1.3027
mIoU: 0.1335 | Precision: 0.1971 | Recall: 0.2131 | F1: 0.1802

✅ Saved Best Model with mIoU: 0.1335

✅ Saved Best Model with mF1: 0.1802

================== Epoch: 8 ==================
Epoch 8 - Training: 100%|█████████████████████████████████████████| 134/134 [00:57<00:00,  2.31it/s]

Train Loss: 1.2528
Epoch 8 - Validation: 100%|█████████████████████████████████████████| 39/39 [00:09<00:00,  4.24it/s]

Validation Loss: 1.2260
mIoU: 0.1381 | Precision: 0.1848 | Recall: 0.2293 | F1: 0.1864

✅ Saved Best Model with mIoU: 0.1381

✅ Saved Best Model with mF1: 0.1864

================== Epoch: 9 ==================
Epoch 9 - Training: 100%|█████████████████████████████████████████| 134/134 [00:57<00:00,  2.34it/s]

Train Loss: nan
Epoch 9 - Validation: 100%|█████████████████████████████████████████| 39/39 [00:09<00:00,  4.11it/s]

Validation Loss: 1.2560
mIoU: 0.1331 | Precision: 0.1896 | Recall: 0.2140 | F1: 0.1797

================== Epoch: 10 ==================
Epoch 10 - Training: 100%|████████████████████████████████████████| 134/134 [00:56<00:00,  2.37it/s]

Train Loss: 1.2673
Epoch 10 - Validation: 100%|████████████████████████████████████████| 39/39 [00:09<00:00,  4.20it/s]

Validation Loss: 1.2132
mIoU: 0.1186 | Precision: 0.2073 | Recall: 0.1834 | F1: 0.1587

================== Epoch: 11 ==================
Epoch 11 - Training: 100%|████████████████████████████████████████| 134/134 [00:57<00:00,  2.32it/s]

Train Loss: 1.2518
Epoch 11 - Validation: 100%|████████████████████████████████████████| 39/39 [00:08<00:00,  4.41it/s]

Validation Loss: 1.1795
mIoU: 0.1399 | Precision: 0.2144 | Recall: 0.2206 | F1: 0.1879

✅ Saved Best Model with mIoU: 0.1399

✅ Saved Best Model with mF1: 0.1879

================== Epoch: 12 ==================
Epoch 12 - Training: 100%|████████████████████████████████████████| 134/134 [00:59<00:00,  2.27it/s]

Train Loss: 1.1634
Epoch 12 - Validation: 100%|████████████████████████████████████████| 39/39 [00:09<00:00,  4.17it/s]

Validation Loss: 1.1464
mIoU: 0.1429 | Precision: 0.2098 | Recall: 0.2170 | F1: 0.1894

✅ Saved Best Model with mIoU: 0.1429

✅ Saved Best Model with mF1: 0.1894

================== Epoch: 13 ==================
Epoch 13 - Training: 100%|████████████████████████████████████████| 134/134 [00:55<00:00,  2.40it/s]

Train Loss: 1.1810
Epoch 13 - Validation: 100%|████████████████████████████████████████| 39/39 [00:09<00:00,  4.11it/s]

Validation Loss: 1.1472
mIoU: 0.1402 | Precision: 0.2231 | Recall: 0.2095 | F1: 0.1886

================== Epoch: 14 ==================
Epoch 14 - Training: 100%|████████████████████████████████████████| 134/134 [00:57<00:00,  2.35it/s]

Train Loss: 1.1834
Epoch 14 - Validation: 100%|████████████████████████████████████████| 39/39 [00:08<00:00,  4.40it/s]

Validation Loss: 1.1124
mIoU: 0.1515 | Precision: 0.2278 | Recall: 0.2290 | F1: 0.2024

✅ Saved Best Model with mIoU: 0.1515

✅ Saved Best Model with mF1: 0.2024

================== Epoch: 15 ==================
Epoch 15 - Training: 100%|████████████████████████████████████████| 134/134 [00:57<00:00,  2.32it/s]

Train Loss: 1.2346
Epoch 15 - Validation: 100%|████████████████████████████████████████| 39/39 [00:09<00:00,  4.10it/s]

Validation Loss: 1.1174
mIoU: 0.1496 | Precision: 0.2206 | Recall: 0.2278 | F1: 0.1991

================== Epoch: 16 ==================
Epoch 16 - Training: 100%|████████████████████████████████████████| 134/134 [00:57<00:00,  2.32it/s]

Train Loss: 1.1337
Epoch 16 - Validation: 100%|████████████████████████████████████████| 39/39 [00:09<00:00,  4.06it/s]

Validation Loss: 1.2130
mIoU: 0.1417 | Precision: 0.2160 | Recall: 0.2213 | F1: 0.1927

================== Epoch: 17 ==================
Epoch 17 - Training: 100%|████████████████████████████████████████| 134/134 [00:57<00:00,  2.33it/s]

Train Loss: nan
Epoch 17 - Validation: 100%|████████████████████████████████████████| 39/39 [00:09<00:00,  4.17it/s]

Validation Loss: 1.1008
mIoU: 0.1422 | Precision: 0.2326 | Recall: 0.2115 | F1: 0.1913

================== Epoch: 18 ==================
Epoch 18 - Training: 100%|████████████████████████████████████████| 134/134 [00:56<00:00,  2.37it/s]

Train Loss: 1.1317
Epoch 18 - Validation: 100%|████████████████████████████████████████| 39/39 [00:09<00:00,  4.04it/s]

Validation Loss: 1.2781
mIoU: 0.1585 | Precision: 0.2380 | Recall: 0.2328 | F1: 0.2147

✅ Saved Best Model with mIoU: 0.1585

✅ Saved Best Model with mF1: 0.2147

================== Epoch: 19 ==================
Epoch 19 - Training: 100%|████████████████████████████████████████| 134/134 [00:57<00:00,  2.35it/s]

Train Loss: 1.1353
Epoch 19 - Validation: 100%|████████████████████████████████████████| 39/39 [00:08<00:00,  4.50it/s]

Validation Loss: 1.0785
mIoU: 0.1490 | Precision: 0.2463 | Recall: 0.2215 | F1: 0.1991

================== Epoch: 20 ==================
Epoch 20 - Training: 100%|████████████████████████████████████████| 134/134 [00:57<00:00,  2.33it/s]

Train Loss: 1.1205
Epoch 20 - Validation: 100%|████████████████████████████████████████| 39/39 [00:09<00:00,  4.25it/s]

Validation Loss: 1.0509
mIoU: 0.1592 | Precision: 0.2493 | Recall: 0.2307 | F1: 0.2129

✅ Saved Best Model with mIoU: 0.1592

================== Epoch: 21 ==================
Epoch 21 - Training: 100%|████████████████████████████████████████| 134/134 [00:56<00:00,  2.38it/s]

Train Loss: 1.1065
Epoch 21 - Validation: 100%|████████████████████████████████████████| 39/39 [00:09<00:00,  4.23it/s]

Validation Loss: 1.0510
mIoU: 0.1575 | Precision: 0.2460 | Recall: 0.2275 | F1: 0.2088

================== Epoch: 22 ==================
Epoch 22 - Training: 100%|████████████████████████████████████████| 134/134 [00:56<00:00,  2.36it/s]

Train Loss: 1.0689
Epoch 22 - Validation: 100%|████████████████████████████████████████| 39/39 [00:08<00:00,  4.51it/s]

Validation Loss: 1.0713
mIoU: 0.1529 | Precision: 0.2469 | Recall: 0.2220 | F1: 0.2048

================== Epoch: 23 ==================
Epoch 23 - Training: 100%|████████████████████████████████████████| 134/134 [00:57<00:00,  2.34it/s]

Train Loss: 1.0935
Epoch 23 - Validation: 100%|████████████████████████████████████████| 39/39 [00:08<00:00,  4.48it/s]

Validation Loss: 1.0576
mIoU: 0.1556 | Precision: 0.2516 | Recall: 0.2237 | F1: 0.2063

================== Epoch: 24 ==================
Epoch 24 - Training: 100%|████████████████████████████████████████| 134/134 [00:57<00:00,  2.31it/s]

Train Loss: 1.0736
Epoch 24 - Validation: 100%|████████████████████████████████████████| 39/39 [00:09<00:00,  4.24it/s]

Validation Loss: 1.1326
mIoU: 0.1458 | Precision: 0.2384 | Recall: 0.2159 | F1: 0.1957

================== Epoch: 25 ==================
Epoch 25 - Training: 100%|████████████████████████████████████████| 134/134 [00:57<00:00,  2.32it/s]

Train Loss: 1.0685
Epoch 25 - Validation: 100%|████████████████████████████████████████| 39/39 [00:09<00:00,  4.26it/s]

Validation Loss: 1.0401
mIoU: 0.1724 | Precision: 0.2479 | Recall: 0.2498 | F1: 0.2284

✅ Saved Best Model with mIoU: 0.1724

✅ Saved Best Model with mF1: 0.2284

================== Epoch: 26 ==================
Epoch 26 - Training: 100%|████████████████████████████████████████| 134/134 [00:56<00:00,  2.38it/s]

Train Loss: 1.0461
Epoch 26 - Validation: 100%|████████████████████████████████████████| 39/39 [00:09<00:00,  4.27it/s]

Validation Loss: 1.0497
mIoU: 0.1595 | Precision: 0.2573 | Recall: 0.2326 | F1: 0.2128

================== Epoch: 27 ==================
Epoch 27 - Training: 100%|████████████████████████████████████████| 134/134 [00:56<00:00,  2.36it/s]

Train Loss: 1.0881
Epoch 27 - Validation: 100%|████████████████████████████████████████| 39/39 [00:09<00:00,  4.05it/s]

Validation Loss: 1.0625
mIoU: 0.1627 | Precision: 0.2552 | Recall: 0.2431 | F1: 0.2178

================== Epoch: 28 ==================
Epoch 28 - Training: 100%|████████████████████████████████████████| 134/134 [00:57<00:00,  2.33it/s]

Train Loss: 1.0669
Epoch 28 - Validation: 100%|████████████████████████████████████████| 39/39 [00:09<00:00,  4.21it/s]

Validation Loss: 1.0338
mIoU: 0.1672 | Precision: 0.2513 | Recall: 0.2431 | F1: 0.2221

================== Epoch: 29 ==================
Epoch 29 - Training: 100%|████████████████████████████████████████| 134/134 [00:56<00:00,  2.37it/s]

Train Loss: 1.0507
Epoch 29 - Validation: 100%|████████████████████████████████████████| 39/39 [00:09<00:00,  4.09it/s]

Validation Loss: 1.0282
mIoU: 0.1540 | Precision: 0.2528 | Recall: 0.2213 | F1: 0.2012

================== Epoch: 30 ==================
Epoch 30 - Training: 100%|████████████████████████████████████████| 134/134 [00:55<00:00,  2.40it/s]

Train Loss: 1.0610
Epoch 30 - Validation: 100%|████████████████████████████████████████| 39/39 [00:07<00:00,  5.04it/s]

Validation Loss: 1.0673
mIoU: 0.1528 | Precision: 0.2406 | Recall: 0.2299 | F1: 0.2036

================== Epoch: 31 ==================
Epoch 31 - Training: 100%|████████████████████████████████████████| 134/134 [00:52<00:00,  2.54it/s]

Train Loss: 1.0668
Epoch 31 - Validation: 100%|████████████████████████████████████████| 39/39 [00:07<00:00,  4.92it/s]

Validation Loss: 1.1008
mIoU: 0.1541 | Precision: 0.2399 | Recall: 0.2235 | F1: 0.2067

================== Epoch: 32 ==================
Epoch 32 - Training: 100%|████████████████████████████████████████| 134/134 [00:51<00:00,  2.62it/s]

Train Loss: 1.0257
Epoch 32 - Validation: 100%|████████████████████████████████████████| 39/39 [00:08<00:00,  4.81it/s]

Validation Loss: 1.1519
mIoU: 0.1492 | Precision: 0.2463 | Recall: 0.2112 | F1: 0.1992

================== Epoch: 33 ==================
Epoch 33 - Training: 100%|████████████████████████████████████████| 134/134 [00:50<00:00,  2.66it/s]

Train Loss: 1.0432
Epoch 33 - Validation: 100%|████████████████████████████████████████| 39/39 [00:07<00:00,  4.99it/s]

Validation Loss: 1.0593
mIoU: 0.1582 | Precision: 0.2486 | Recall: 0.2305 | F1: 0.2079

================== Epoch: 34 ==================
Epoch 34 - Training: 100%|████████████████████████████████████████| 134/134 [00:52<00:00,  2.53it/s]

Train Loss: 1.0794
Epoch 34 - Validation: 100%|████████████████████████████████████████| 39/39 [00:07<00:00,  5.20it/s]

Validation Loss: 1.0061
mIoU: 0.1645 | Precision: 0.2656 | Recall: 0.2359 | F1: 0.2163

================== Epoch: 35 ==================
Epoch 35 - Training: 100%|████████████████████████████████████████| 134/134 [00:51<00:00,  2.60it/s]

Train Loss: 1.0621
Epoch 35 - Validation: 100%|████████████████████████████████████████| 39/39 [00:07<00:00,  5.25it/s]

Validation Loss: 1.0357
mIoU: 0.1686 | Precision: 0.2639 | Recall: 0.2455 | F1: 0.2226

================== Epoch: 36 ==================
Epoch 36 - Training: 100%|████████████████████████████████████████| 134/134 [00:52<00:00,  2.54it/s]

Train Loss: 1.0565
Epoch 36 - Validation: 100%|████████████████████████████████████████| 39/39 [00:07<00:00,  5.33it/s]

Validation Loss: 1.0719
mIoU: 0.1657 | Precision: 0.2476 | Recall: 0.2538 | F1: 0.2220

================== Epoch: 37 ==================
Epoch 37 - Training: 100%|████████████████████████████████████████| 134/134 [00:53<00:00,  2.49it/s]

Train Loss: 1.0281
Epoch 37 - Validation: 100%|████████████████████████████████████████| 39/39 [00:07<00:00,  5.16it/s]

Validation Loss: 1.0351
mIoU: 0.1694 | Precision: 0.2698 | Recall: 0.2456 | F1: 0.2235

================== Epoch: 38 ==================
Epoch 38 - Training: 100%|████████████████████████████████████████| 134/134 [00:52<00:00,  2.54it/s]

Train Loss: 1.0133
Epoch 38 - Validation: 100%|████████████████████████████████████████| 39/39 [00:07<00:00,  5.04it/s]

Validation Loss: 1.0390
mIoU: 0.1674 | Precision: 0.2638 | Recall: 0.2393 | F1: 0.2187

================== Epoch: 39 ==================
Epoch 39 - Training: 100%|████████████████████████████████████████| 134/134 [00:52<00:00,  2.56it/s]

Train Loss: 1.0100
Epoch 39 - Validation: 100%|████████████████████████████████████████| 39/39 [00:07<00:00,  4.94it/s]

Validation Loss: 1.0220
mIoU: 0.1654 | Precision: 0.2708 | Recall: 0.2303 | F1: 0.2185

================== Epoch: 40 ==================
Epoch 40 - Training: 100%|████████████████████████████████████████| 134/134 [00:54<00:00,  2.48it/s]

Train Loss: 1.0089
Epoch 40 - Validation: 100%|████████████████████████████████████████| 39/39 [00:07<00:00,  5.02it/s]

Validation Loss: 1.0901
mIoU: 0.1582 | Precision: 0.2689 | Recall: 0.2276 | F1: 0.2104

================== Epoch: 41 ==================
Epoch 41 - Training: 100%|████████████████████████████████████████| 134/134 [00:50<00:00,  2.63it/s]

Train Loss: 1.0098
Epoch 41 - Validation: 100%|████████████████████████████████████████| 39/39 [00:07<00:00,  4.97it/s]

Validation Loss: 1.0612
mIoU: 0.1658 | Precision: 0.2609 | Recall: 0.2399 | F1: 0.2205

================== Epoch: 42 ==================
Epoch 42 - Training: 100%|████████████████████████████████████████| 134/134 [00:53<00:00,  2.51it/s]

Train Loss: 1.0203
Epoch 42 - Validation: 100%|████████████████████████████████████████| 39/39 [00:07<00:00,  5.27it/s]

Validation Loss: 1.0098
mIoU: 0.1751 | Precision: 0.2684 | Recall: 0.2407 | F1: 0.2287

✅ Saved Best Model with mIoU: 0.1751

✅ Saved Best Model with mF1: 0.2287

================== Epoch: 43 ==================
Epoch 43 - Training: 100%|████████████████████████████████████████| 134/134 [00:51<00:00,  2.58it/s]

Train Loss: 1.0207
Epoch 43 - Validation: 100%|████████████████████████████████████████| 39/39 [00:07<00:00,  4.95it/s]

Validation Loss: 1.0498
mIoU: 0.1570 | Precision: 0.2662 | Recall: 0.2290 | F1: 0.2073

================== Epoch: 44 ==================
Epoch 44 - Training: 100%|████████████████████████████████████████| 134/134 [00:50<00:00,  2.64it/s]

Train Loss: 0.9999
Epoch 44 - Validation: 100%|████████████████████████████████████████| 39/39 [00:07<00:00,  5.01it/s]

Validation Loss: 1.0083
mIoU: 0.1728 | Precision: 0.2695 | Recall: 0.2382 | F1: 0.2238

================== Epoch: 45 ==================
Epoch 45 - Training: 100%|████████████████████████████████████████| 134/134 [00:53<00:00,  2.49it/s]

Train Loss: 1.0016
Epoch 45 - Validation: 100%|████████████████████████████████████████| 39/39 [00:08<00:00,  4.70it/s]

Validation Loss: 1.0565
mIoU: 0.1655 | Precision: 0.2652 | Recall: 0.2330 | F1: 0.2170

================== Epoch: 46 ==================
Epoch 46 - Training: 100%|████████████████████████████████████████| 134/134 [00:54<00:00,  2.45it/s]

Train Loss: 0.9580
Epoch 46 - Validation: 100%|████████████████████████████████████████| 39/39 [00:07<00:00,  4.94it/s]

Validation Loss: 1.0068
mIoU: 0.1777 | Precision: 0.2702 | Recall: 0.2507 | F1: 0.2337

✅ Saved Best Model with mIoU: 0.1777

✅ Saved Best Model with mF1: 0.2337

================== Epoch: 47 ==================
Epoch 47 - Training: 100%|████████████████████████████████████████| 134/134 [00:45<00:00,  2.93it/s]

Train Loss: 0.9281
Epoch 47 - Validation: 100%|████████████████████████████████████████| 39/39 [00:06<00:00,  5.93it/s]

Validation Loss: 1.0008
mIoU: 0.1818 | Precision: 0.2790 | Recall: 0.2556 | F1: 0.2386

✅ Saved Best Model with mIoU: 0.1818

✅ Saved Best Model with mF1: 0.2386

================== Epoch: 48 ==================
Epoch 48 - Training: 100%|████████████████████████████████████████| 134/134 [00:44<00:00,  3.03it/s]

Train Loss: 0.9273
Epoch 48 - Validation: 100%|████████████████████████████████████████| 39/39 [00:06<00:00,  5.80it/s]

Validation Loss: 0.9934
mIoU: 0.1827 | Precision: 0.2814 | Recall: 0.2569 | F1: 0.2393

✅ Saved Best Model with mIoU: 0.1827

✅ Saved Best Model with mF1: 0.2393

================== Epoch: 49 ==================
Epoch 49 - Training: 100%|████████████████████████████████████████| 134/134 [00:44<00:00,  3.02it/s]

Train Loss: 0.9279
Epoch 49 - Validation: 100%|████████████████████████████████████████| 39/39 [00:06<00:00,  6.02it/s]

Validation Loss: 0.9835
mIoU: 0.1819 | Precision: 0.2806 | Recall: 0.2523 | F1: 0.2371

================== Epoch: 50 ==================
Epoch 50 - Training: 100%|████████████████████████████████████████| 134/134 [00:44<00:00,  3.01it/s]

Train Loss: 0.9169
Epoch 50 - Validation: 100%|████████████████████████████████████████| 39/39 [00:06<00:00,  5.90it/s]

Validation Loss: 0.9827
mIoU: 0.1858 | Precision: 0.2825 | Recall: 0.2586 | F1: 0.2428

✅ Saved Best Model with mIoU: 0.1858

✅ Saved Best Model with mF1: 0.2428

================== Epoch: 51 ==================
Epoch 51 - Training: 100%|████████████████████████████████████████| 134/134 [00:44<00:00,  2.98it/s]

Train Loss: 0.9162
Epoch 51 - Validation: 100%|████████████████████████████████████████| 39/39 [00:06<00:00,  5.80it/s]

Validation Loss: 0.9817
mIoU: 0.1844 | Precision: 0.2830 | Recall: 0.2551 | F1: 0.2406

================== Epoch: 52 ==================
Epoch 52 - Training: 100%|████████████████████████████████████████| 134/134 [00:46<00:00,  2.90it/s]

Train Loss: 0.9146
Epoch 52 - Validation: 100%|████████████████████████████████████████| 39/39 [00:07<00:00,  5.21it/s]

Validation Loss: 0.9791
mIoU: 0.1865 | Precision: 0.2852 | Recall: 0.2582 | F1: 0.2428

✅ Saved Best Model with mIoU: 0.1865

================== Epoch: 53 ==================
Epoch 53 - Training: 100%|████████████████████████████████████████| 134/134 [00:44<00:00,  2.99it/s]

Train Loss: 0.9070
Epoch 53 - Validation: 100%|████████████████████████████████████████| 39/39 [00:06<00:00,  5.66it/s]

Validation Loss: 0.9907
mIoU: 0.1818 | Precision: 0.2803 | Recall: 0.2497 | F1: 0.2372

================== Epoch: 54 ==================
Epoch 54 - Training: 100%|████████████████████████████████████████| 134/134 [00:57<00:00,  2.32it/s]

Train Loss: 0.9113
Epoch 54 - Validation: 100%|████████████████████████████████████████| 39/39 [00:08<00:00,  4.81it/s]

Validation Loss: 0.9777
mIoU: 0.1857 | Precision: 0.2884 | Recall: 0.2603 | F1: 0.2429

✅ Saved Best Model with mF1: 0.2429

================== Epoch: 55 ==================
Epoch 55 - Training: 100%|████████████████████████████████████████| 134/134 [00:56<00:00,  2.35it/s]

Train Loss: 0.9028
Epoch 55 - Validation: 100%|████████████████████████████████████████| 39/39 [00:11<00:00,  3.32it/s]

Validation Loss: 0.9736
mIoU: 0.1860 | Precision: 0.2806 | Recall: 0.2559 | F1: 0.2420

================== Epoch: 56 ==================
Epoch 56 - Training: 100%|████████████████████████████████████████| 134/134 [01:02<00:00,  2.15it/s]

Train Loss: 0.9034
Epoch 56 - Validation: 100%|████████████████████████████████████████| 39/39 [00:10<00:00,  3.59it/s]

Validation Loss: 0.9758
mIoU: 0.1814 | Precision: 0.2836 | Recall: 0.2516 | F1: 0.2366

================== Epoch: 57 ==================
Epoch 57 - Training: 100%|████████████████████████████████████████| 134/134 [01:01<00:00,  2.18it/s]

Train Loss: 0.8997
Epoch 57 - Validation: 100%|████████████████████████████████████████| 39/39 [00:10<00:00,  3.80it/s]

Validation Loss: 0.9819
mIoU: 0.1881 | Precision: 0.2896 | Recall: 0.2603 | F1: 0.2447

✅ Saved Best Model with mIoU: 0.1881

✅ Saved Best Model with mF1: 0.2447

================== Epoch: 58 ==================
Epoch 58 - Training: 100%|████████████████████████████████████████| 134/134 [01:02<00:00,  2.13it/s]

Train Loss: 0.8963
Epoch 58 - Validation: 100%|████████████████████████████████████████| 39/39 [00:14<00:00,  2.71it/s]

Validation Loss: 0.9763
mIoU: 0.1859 | Precision: 0.2846 | Recall: 0.2557 | F1: 0.2417

================== Epoch: 59 ==================
Epoch 59 - Training: 100%|████████████████████████████████████████| 134/134 [01:14<00:00,  1.79it/s]

Train Loss: 0.9119
Epoch 59 - Validation: 100%|████████████████████████████████████████| 39/39 [00:14<00:00,  2.68it/s]

Validation Loss: 0.9773
mIoU: 0.1863 | Precision: 0.2851 | Recall: 0.2584 | F1: 0.2429

================== Epoch: 60 ==================
Epoch 60 - Training: 100%|████████████████████████████████████████| 134/134 [01:16<00:00,  1.74it/s]

Train Loss: 0.8954
Epoch 60 - Validation: 100%|████████████████████████████████████████| 39/39 [00:14<00:00,  2.63it/s]

Validation Loss: 0.9733
mIoU: 0.1872 | Precision: 0.2925 | Recall: 0.2571 | F1: 0.2434

================== Epoch: 61 ==================
Epoch 61 - Training: 100%|████████████████████████████████████████| 134/134 [01:15<00:00,  1.77it/s]l

Train Loss: 0.8977
Epoch 61 - Validation: 100%|████████████████████████████████████████| 39/39 [00:13<00:00,  2.87it/s]

Validation Loss: 0.9767
mIoU: 0.1842 | Precision: 0.2826 | Recall: 0.2513 | F1: 0.2392

================== Epoch: 62 ==================
Epoch 62 - Training: 100%|████████████████████████████████████████| 134/134 [01:13<00:00,  1.83it/s]

Train Loss: 0.8977
Epoch 62 - Validation: 100%|████████████████████████████████████████| 39/39 [00:16<00:00,  2.35it/s]

Validation Loss: 0.9587
mIoU: 0.1851 | Precision: 0.2857 | Recall: 0.2532 | F1: 0.2406

================== Epoch: 63 ==================
Epoch 63 - Training: 100%|████████████████████████████████████████| 134/134 [01:16<00:00,  1.76it/s]

Train Loss: 0.9034
Epoch 63 - Validation: 100%|████████████████████████████████████████| 39/39 [00:14<00:00,  2.72it/s]

Validation Loss: 0.9701
mIoU: 0.1879 | Precision: 0.2864 | Recall: 0.2583 | F1: 0.2436

================== Epoch: 64 ==================
Epoch 64 - Training: 100%|████████████████████████████████████████| 134/134 [01:12<00:00,  1.86it/s]

Train Loss: 0.9073
Epoch 64 - Validation: 100%|████████████████████████████████████████| 39/39 [00:12<00:00,  3.11it/s]

Validation Loss: 0.9812
mIoU: 0.1836 | Precision: 0.2872 | Recall: 0.2497 | F1: 0.2378

================== Epoch: 65 ==================
Epoch 65 - Training: 100%|████████████████████████████████████████| 134/134 [01:06<00:00,  2.00it/s]

Train Loss: 0.8927
Epoch 65 - Validation: 100%|████████████████████████████████████████| 39/39 [00:13<00:00,  2.97it/s]

Validation Loss: 0.9708
mIoU: 0.1842 | Precision: 0.2869 | Recall: 0.2528 | F1: 0.2388

================== Epoch: 66 ==================
Epoch 66 - Training: 100%|████████████████████████████████████████| 134/134 [01:09<00:00,  1.92it/s]

Train Loss: 0.8886
Epoch 66 - Validation: 100%|████████████████████████████████████████| 39/39 [00:13<00:00,  2.93it/s]

Validation Loss: 0.9719
mIoU: 0.1861 | Precision: 0.2889 | Recall: 0.2543 | F1: 0.2413

================== Epoch: 67 ==================
Epoch 67 - Training: 100%|████████████████████████████████████████| 134/134 [01:09<00:00,  1.93it/s]

Train Loss: 0.8839
Epoch 67 - Validation: 100%|████████████████████████████████████████| 39/39 [00:15<00:00,  2.54it/s]

Validation Loss: 0.9717
mIoU: 0.1869 | Precision: 0.2878 | Recall: 0.2556 | F1: 0.2424

================== Epoch: 68 ==================
Epoch 68 - Training: 100%|████████████████████████████████████████| 134/134 [01:06<00:00,  2.02it/s]

Train Loss: 0.8802
Epoch 68 - Validation: 100%|████████████████████████████████████████| 39/39 [00:12<00:00,  3.04it/s]

Validation Loss: 0.9769
mIoU: 0.1856 | Precision: 0.2853 | Recall: 0.2530 | F1: 0.2400

================== Epoch: 69 ==================
Epoch 69 - Training: 100%|████████████████████████████████████████| 134/134 [01:03<00:00,  2.10it/s]

Train Loss: 0.8782
Epoch 69 - Validation: 100%|████████████████████████████████████████| 39/39 [00:13<00:00,  2.82it/s]

Validation Loss: 0.9610
mIoU: 0.1841 | Precision: 0.2849 | Recall: 0.2521 | F1: 0.2392

================== Epoch: 70 ==================
Epoch 70 - Training: 100%|████████████████████████████████████████| 134/134 [00:59<00:00,  2.25it/s]

Train Loss: 0.8855
Epoch 70 - Validation: 100%|████████████████████████████████████████| 39/39 [00:12<00:00,  3.24it/s]

Validation Loss: 0.9607
mIoU: 0.1868 | Precision: 0.2884 | Recall: 0.2554 | F1: 0.2417

================== Epoch: 71 ==================
Epoch 71 - Training: 100%|████████████████████████████████████████| 134/134 [01:13<00:00,  1.82it/s]

Train Loss: 0.8786
Epoch 71 - Validation: 100%|████████████████████████████████████████| 39/39 [00:13<00:00,  2.82it/s]

Validation Loss: 0.9780
mIoU: 0.1876 | Precision: 0.2874 | Recall: 0.2593 | F1: 0.2434

================== Epoch: 72 ==================
Epoch 72 - Training: 100%|████████████████████████████████████████| 134/134 [01:14<00:00,  1.79it/s]

Train Loss: 0.8706
Epoch 72 - Validation: 100%|████████████████████████████████████████| 39/39 [00:15<00:00,  2.56it/s]

Validation Loss: 0.9848
mIoU: 0.1885 | Precision: 0.2892 | Recall: 0.2580 | F1: 0.2438

✅ Saved Best Model with mIoU: 0.1885

================== Epoch: 73 ==================
Epoch 73 - Training: 100%|████████████████████████████████████████| 134/134 [01:10<00:00,  1.90it/s]

Train Loss: 0.8720
Epoch 73 - Validation: 100%|████████████████████████████████████████| 39/39 [00:15<00:00,  2.51it/s]

Validation Loss: 0.9728
mIoU: 0.1863 | Precision: 0.2896 | Recall: 0.2555 | F1: 0.2413

================== Epoch: 74 ==================
Epoch 74 - Training: 100%|████████████████████████████████████████| 134/134 [01:17<00:00,  1.72it/s]

Train Loss: nan
Epoch 74 - Validation: 100%|████████████████████████████████████████| 39/39 [00:14<00:00,  2.77it/s]

Validation Loss: 0.9670
mIoU: 0.1879 | Precision: 0.2916 | Recall: 0.2572 | F1: 0.2436

================== Epoch: 75 ==================
Epoch 75 - Training: 100%|████████████████████████████████████████| 134/134 [01:15<00:00,  1.77it/s]

Train Loss: 0.8768
Epoch 75 - Validation: 100%|████████████████████████████████████████| 39/39 [00:15<00:00,  2.47it/s]

Validation Loss: 0.9667
mIoU: 0.1883 | Precision: 0.2911 | Recall: 0.2578 | F1: 0.2441

================== Epoch: 76 ==================
Epoch 76 - Training: 100%|████████████████████████████████████████| 134/134 [01:14<00:00,  1.79it/s]

Train Loss: 0.8595
Epoch 76 - Validation: 100%|████████████████████████████████████████| 39/39 [00:15<00:00,  2.55it/s]

Validation Loss: 0.9666
mIoU: 0.1879 | Precision: 0.2916 | Recall: 0.2568 | F1: 0.2435

================== Epoch: 77 ==================
Epoch 77 - Training: 100%|████████████████████████████████████████| 134/134 [01:16<00:00,  1.76it/s]

Train Loss: 0.8556
Epoch 77 - Validation: 100%|████████████████████████████████████████| 39/39 [00:14<00:00,  2.68it/s]

Validation Loss: 0.9651
mIoU: 0.1882 | Precision: 0.2917 | Recall: 0.2572 | F1: 0.2439

================== Epoch: 78 ==================
Epoch 78 - Training: 100%|████████████████████████████████████████| 134/134 [01:16<00:00,  1.76it/s]

Train Loss: 0.8706
Epoch 78 - Validation: 100%|████████████████████████████████████████| 39/39 [00:15<00:00,  2.58it/s]

Validation Loss: 0.9656
mIoU: 0.1881 | Precision: 0.2907 | Recall: 0.2572 | F1: 0.2437

================== Epoch: 79 ==================
Epoch 79 - Training: 100%|████████████████████████████████████████| 134/134 [01:12<00:00,  1.84it/s]

Train Loss: 0.8711
Epoch 79 - Validation: 100%|████████████████████████████████████████| 39/39 [00:15<00:00,  2.48it/s]

Validation Loss: 0.9662
mIoU: 0.1877 | Precision: 0.2912 | Recall: 0.2563 | F1: 0.2431

================== Epoch: 80 ==================
Epoch 80 - Training: 100%|████████████████████████████████████████| 134/134 [01:13<00:00,  1.81it/s]

Train Loss: 0.8610
Epoch 80 - Validation: 100%|████████████████████████████████████████| 39/39 [00:14<00:00,  2.67it/s]

Validation Loss: 0.9661
mIoU: 0.1883 | Precision: 0.2914 | Recall: 0.2568 | F1: 0.2437

================== Epoch: 81 ==================
Epoch 81 - Training: 100%|████████████████████████████████████████| 134/134 [01:16<00:00,  1.74it/s]

Train Loss: 0.8752
Epoch 81 - Validation: 100%|████████████████████████████████████████| 39/39 [00:14<00:00,  2.71it/s]

Validation Loss: 0.9655
mIoU: 0.1888 | Precision: 0.2914 | Recall: 0.2577 | F1: 0.2445

✅ Saved Best Model with mIoU: 0.1888

================== Epoch: 82 ==================
Epoch 82 - Training: 100%|████████████████████████████████████████| 134/134 [01:12<00:00,  1.85it/s]

Train Loss: 0.8682
Epoch 82 - Validation: 100%|████████████████████████████████████████| 39/39 [00:16<00:00,  2.41it/s]

Validation Loss: 0.9667
mIoU: 0.1882 | Precision: 0.2909 | Recall: 0.2569 | F1: 0.2437

================== Epoch: 83 ==================
Epoch 83 - Training: 100%|████████████████████████████████████████| 134/134 [01:14<00:00,  1.80it/s]

Train Loss: 0.8670
Epoch 83 - Validation: 100%|████████████████████████████████████████| 39/39 [00:15<00:00,  2.51it/s]

Validation Loss: 0.9668
mIoU: 0.1881 | Precision: 0.2913 | Recall: 0.2568 | F1: 0.2436

================== Epoch: 84 ==================
Epoch 84 - Training: 100%|████████████████████████████████████████| 134/134 [01:16<00:00,  1.75it/s]

Train Loss: 0.8656
Epoch 84 - Validation: 100%|████████████████████████████████████████| 39/39 [00:13<00:00,  2.81it/s]

Validation Loss: 0.9646
mIoU: 0.1899 | Precision: 0.2899 | Recall: 0.2592 | F1: 0.2459

✅ Saved Best Model with mIoU: 0.1899

✅ Saved Best Model with mF1: 0.2459

================== Epoch: 85 ==================
Epoch 85 - Training: 100%|████████████████████████████████████████| 134/134 [01:15<00:00,  1.78it/s]

Train Loss: 0.8651
Epoch 85 - Validation: 100%|████████████████████████████████████████| 39/39 [00:17<00:00,  2.18it/s]

Validation Loss: 0.9647
mIoU: 0.1898 | Precision: 0.2900 | Recall: 0.2591 | F1: 0.2458

================== Epoch: 86 ==================
Epoch 86 - Training: 100%|████████████████████████████████████████| 134/134 [01:14<00:00,  1.80it/s]

Train Loss: 0.8665
Epoch 86 - Validation: 100%|████████████████████████████████████████| 39/39 [00:13<00:00,  2.82it/s]

Validation Loss: 0.9644
mIoU: 0.1897 | Precision: 0.2901 | Recall: 0.2588 | F1: 0.2456

================== Epoch: 87 ==================
Epoch 87 - Training: 100%|████████████████████████████████████████| 134/134 [01:16<00:00,  1.74it/s]

Train Loss: 0.8672
Epoch 87 - Validation: 100%|████████████████████████████████████████| 39/39 [00:14<00:00,  2.78it/s]

Validation Loss: 0.9642
mIoU: 0.1896 | Precision: 0.2904 | Recall: 0.2587 | F1: 0.2456

================== Epoch: 88 ==================
Epoch 88 - Training: 100%|████████████████████████████████████████| 134/134 [01:18<00:00,  1.71it/s]

Train Loss: 0.8571
Epoch 88 - Validation: 100%|████████████████████████████████████████| 39/39 [00:16<00:00,  2.39it/s]

Validation Loss: 0.9641
mIoU: 0.1896 | Precision: 0.2904 | Recall: 0.2586 | F1: 0.2455

================== Epoch: 89 ==================
Epoch 89 - Training: 100%|████████████████████████████████████████| 134/134 [01:14<00:00,  1.79it/s]

Train Loss: 0.8588
Epoch 89 - Validation: 100%|████████████████████████████████████████| 39/39 [00:13<00:00,  2.88it/s]

Validation Loss: 0.9641
mIoU: 0.1895 | Precision: 0.2903 | Recall: 0.2585 | F1: 0.2453

================== Epoch: 90 ==================
Epoch 90 - Training: 100%|████████████████████████████████████████| 134/134 [01:16<00:00,  1.76it/s]

Train Loss: 0.8684
Epoch 90 - Validation: 100%|████████████████████████████████████████| 39/39 [00:14<00:00,  2.78it/s]

Validation Loss: 0.9640
mIoU: 0.1895 | Precision: 0.2905 | Recall: 0.2585 | F1: 0.2453

================== Epoch: 91 ==================
Epoch 91 - Training: 100%|████████████████████████████████████████| 134/134 [01:17<00:00,  1.73it/s]

Train Loss: 0.8592
Epoch 91 - Validation: 100%|████████████████████████████████████████| 39/39 [00:15<00:00,  2.47it/s]

Validation Loss: 0.9642
mIoU: 0.1894 | Precision: 0.2906 | Recall: 0.2584 | F1: 0.2452

================== Epoch: 92 ==================
Epoch 92 - Training: 100%|████████████████████████████████████████| 134/134 [01:14<00:00,  1.80it/s]

Train Loss: 0.8568
Epoch 92 - Validation: 100%|████████████████████████████████████████| 39/39 [00:15<00:00,  2.58it/s]

Validation Loss: 0.9642
mIoU: 0.1894 | Precision: 0.2905 | Recall: 0.2583 | F1: 0.2451

================== Epoch: 93 ==================
Epoch 93 - Training: 100%|████████████████████████████████████████| 134/134 [01:15<00:00,  1.78it/s]

Train Loss: 0.8547
Epoch 93 - Validation: 100%|████████████████████████████████████████| 39/39 [00:15<00:00,  2.45it/s]

Validation Loss: 0.9642
mIoU: 0.1893 | Precision: 0.2905 | Recall: 0.2582 | F1: 0.2451

================== Epoch: 94 ==================
Epoch 94 - Training: 100%|████████████████████████████████████████| 134/134 [01:16<00:00,  1.75it/s]

Train Loss: 0.8607
Epoch 94 - Validation: 100%|████████████████████████████████████████| 39/39 [00:13<00:00,  2.82it/s]

Validation Loss: 0.9641
mIoU: 0.1892 | Precision: 0.2905 | Recall: 0.2581 | F1: 0.2450

================== Epoch: 95 ==================
Epoch 95 - Training: 100%|████████████████████████████████████████| 134/134 [01:14<00:00,  1.80it/s]

Train Loss: 0.8722
Epoch 95 - Validation: 100%|████████████████████████████████████████| 39/39 [00:15<00:00,  2.51it/s]

Validation Loss: 0.9640
mIoU: 0.1892 | Precision: 0.2905 | Recall: 0.2581 | F1: 0.2450

================== Epoch: 96 ==================
Epoch 96 - Training: 100%|████████████████████████████████████████| 134/134 [01:16<00:00,  1.76it/s]

Train Loss: 0.8647
Epoch 96 - Validation: 100%|████████████████████████████████████████| 39/39 [00:14<00:00,  2.74it/s]

Validation Loss: 0.9640
mIoU: 0.1892 | Precision: 0.2907 | Recall: 0.2581 | F1: 0.2450

================== Epoch: 97 ==================
Epoch 97 - Training: 100%|████████████████████████████████████████| 134/134 [01:15<00:00,  1.78it/s]

Train Loss: 0.8640
Epoch 97 - Validation: 100%|████████████████████████████████████████| 39/39 [00:15<00:00,  2.44it/s]

Validation Loss: 0.9639
mIoU: 0.1892 | Precision: 0.2907 | Recall: 0.2581 | F1: 0.2450

================== Epoch: 98 ==================
Epoch 98 - Training: 100%|████████████████████████████████████████| 134/134 [01:13<00:00,  1.83it/s]

Train Loss: 0.8526
Epoch 98 - Validation: 100%|████████████████████████████████████████| 39/39 [00:17<00:00,  2.21it/s]

Validation Loss: 0.9639
mIoU: 0.1892 | Precision: 0.2907 | Recall: 0.2581 | F1: 0.2449

================== Epoch: 99 ==================
Epoch 99 - Training: 100%|████████████████████████████████████████| 134/134 [01:15<00:00,  1.77it/s]

Train Loss: 0.8635
Epoch 99 - Validation: 100%|████████████████████████████████████████| 39/39 [00:14<00:00,  2.63it/s]

Validation Loss: 0.9639
mIoU: 0.1892 | Precision: 0.2907 | Recall: 0.2580 | F1: 0.2449

================== Epoch: 100 ==================
Epoch 100 - Training: 100%|███████████████████████████████████████| 134/134 [01:14<00:00,  1.80it/s]

Train Loss: 0.8647
Epoch 100 - Validation: 100%|███████████████████████████████████████| 39/39 [00:15<00:00,  2.45it/s]

Validation Loss: 0.9639
mIoU: 0.1892 | Precision: 0.2906 | Recall: 0.2580 | F1: 0.2449
