Training on cuda:1
训练轮次：100
模型保存位置：save_pth/07012238
开始训练！

================== Epoch: 1 ==================
Epoch 1 - Training: 100%|█████████████████████████████████████████| 134/134 [00:27<00:00,  4.84it/s]

Train Loss: 1.9790
Epoch 1 - Validation: 100%|█████████████████████████████████████████| 39/39 [00:04<00:00,  8.40it/s]

Validation Loss: 1.7568
mIoU: 0.0789 | Precision: 0.0999 | Recall: 0.1494 | F1: 0.1060

✅ Saved Best Model with mIoU: 0.0789

✅ Saved Best Model with mF1: 0.1060

================== Epoch: 2 ==================
Epoch 2 - Training: 100%|█████████████████████████████████████████| 134/134 [00:27<00:00,  4.96it/s]

Train Loss: 1.6472
Epoch 2 - Validation: 100%|█████████████████████████████████████████| 39/39 [00:04<00:00,  8.25it/s]

Validation Loss: 1.5457
mIoU: 0.1106 | Precision: 0.1689 | Recall: 0.1804 | F1: 0.1505

✅ Saved Best Model with mIoU: 0.1106

✅ Saved Best Model with mF1: 0.1505

================== Epoch: 3 ==================
Epoch 3 - Training: 100%|█████████████████████████████████████████| 134/134 [00:27<00:00,  4.94it/s]

Train Loss: 1.5736
Epoch 3 - Validation: 100%|█████████████████████████████████████████| 39/39 [00:04<00:00,  8.48it/s]

Validation Loss: 1.5288
mIoU: 0.1026 | Precision: 0.1764 | Recall: 0.1724 | F1: 0.1389

================== Epoch: 4 ==================
Epoch 4 - Training: 100%|█████████████████████████████████████████| 134/134 [00:26<00:00,  5.00it/s]

Train Loss: 1.4849
Epoch 4 - Validation: 100%|█████████████████████████████████████████| 39/39 [00:04<00:00,  8.48it/s]

Validation Loss: 1.4102
mIoU: 0.1262 | Precision: 0.1779 | Recall: 0.1982 | F1: 0.1692

✅ Saved Best Model with mIoU: 0.1262

✅ Saved Best Model with mF1: 0.1692

================== Epoch: 5 ==================
Epoch 5 - Training: 100%|█████████████████████████████████████████| 134/134 [00:26<00:00,  5.03it/s]

Train Loss: 1.4127
Epoch 5 - Validation: 100%|█████████████████████████████████████████| 39/39 [00:04<00:00,  8.56it/s]

Validation Loss: 1.3589
mIoU: 0.1376 | Precision: 0.1832 | Recall: 0.2221 | F1: 0.1828

✅ Saved Best Model with mIoU: 0.1376

✅ Saved Best Model with mF1: 0.1828

================== Epoch: 6 ==================
Epoch 6 - Training: 100%|█████████████████████████████████████████| 134/134 [00:26<00:00,  5.04it/s]

Train Loss: 1.3475
Epoch 6 - Validation: 100%|█████████████████████████████████████████| 39/39 [00:04<00:00,  8.53it/s]

Validation Loss: 1.3150
mIoU: 0.1394 | Precision: 0.1874 | Recall: 0.2231 | F1: 0.1856

✅ Saved Best Model with mIoU: 0.1394

✅ Saved Best Model with mF1: 0.1856

================== Epoch: 7 ==================
Epoch 7 - Training: 100%|█████████████████████████████████████████| 134/134 [00:26<00:00,  5.01it/s]

Train Loss: 1.3302
Epoch 7 - Validation: 100%|█████████████████████████████████████████| 39/39 [00:04<00:00,  8.49it/s]

Validation Loss: 1.3045
mIoU: 0.1417 | Precision: 0.1896 | Recall: 0.2243 | F1: 0.1888

✅ Saved Best Model with mIoU: 0.1417

✅ Saved Best Model with mF1: 0.1888

================== Epoch: 8 ==================
Epoch 8 - Training: 100%|█████████████████████████████████████████| 134/134 [00:26<00:00,  4.99it/s]

Train Loss: 1.3271
Epoch 8 - Validation: 100%|█████████████████████████████████████████| 39/39 [00:04<00:00,  8.29it/s]

Validation Loss: 1.2742
mIoU: 0.1445 | Precision: 0.1947 | Recall: 0.2286 | F1: 0.1912

✅ Saved Best Model with mIoU: 0.1445

✅ Saved Best Model with mF1: 0.1912

================== Epoch: 9 ==================
Epoch 9 - Training: 100%|█████████████████████████████████████████| 134/134 [00:27<00:00,  4.94it/s]

Train Loss: 1.2576
Epoch 9 - Validation: 100%|█████████████████████████████████████████| 39/39 [00:04<00:00,  8.46it/s]

Validation Loss: 1.2424
mIoU: 0.1467 | Precision: 0.1934 | Recall: 0.2280 | F1: 0.1934

✅ Saved Best Model with mIoU: 0.1467

✅ Saved Best Model with mF1: 0.1934

================== Epoch: 10 ==================
Epoch 10 - Training: 100%|████████████████████████████████████████| 134/134 [00:27<00:00,  4.80it/s]

Train Loss: 1.2286
Epoch 10 - Validation: 100%|████████████████████████████████████████| 39/39 [00:04<00:00,  8.29it/s]

Validation Loss: 1.2003
mIoU: 0.1503 | Precision: 0.1966 | Recall: 0.2311 | F1: 0.1962

✅ Saved Best Model with mIoU: 0.1503

✅ Saved Best Model with mF1: 0.1962

================== Epoch: 11 ==================
Epoch 11 - Training: 100%|████████████████████████████████████████| 134/134 [00:27<00:00,  4.93it/s]

Train Loss: 1.2167
Epoch 11 - Validation: 100%|████████████████████████████████████████| 39/39 [00:04<00:00,  8.42it/s]

Validation Loss: 1.1783
mIoU: 0.1565 | Precision: 0.2196 | Recall: 0.2369 | F1: 0.2049

✅ Saved Best Model with mIoU: 0.1565

✅ Saved Best Model with mF1: 0.2049

================== Epoch: 12 ==================
Epoch 12 - Training: 100%|████████████████████████████████████████| 134/134 [00:27<00:00,  4.80it/s]

Train Loss: 1.1487
Epoch 12 - Validation: 100%|████████████████████████████████████████| 39/39 [00:04<00:00,  8.50it/s]

Validation Loss: 1.1850
mIoU: 0.1513 | Precision: 0.2188 | Recall: 0.2258 | F1: 0.1982

================== Epoch: 13 ==================
Epoch 13 - Training: 100%|████████████████████████████████████████| 134/134 [00:27<00:00,  4.92it/s]

Train Loss: nan
Epoch 13 - Validation: 100%|████████████████████████████████████████| 39/39 [00:04<00:00,  8.30it/s]

Validation Loss: 1.2311
mIoU: 0.1500 | Precision: 0.2175 | Recall: 0.2404 | F1: 0.1979

================== Epoch: 14 ==================
Epoch 14 - Training: 100%|████████████████████████████████████████| 134/134 [00:27<00:00,  4.94it/s]

Train Loss: 1.1520
Epoch 14 - Validation: 100%|████████████████████████████████████████| 39/39 [00:04<00:00,  8.31it/s]

Validation Loss: 1.1509
mIoU: 0.1534 | Precision: 0.2209 | Recall: 0.2342 | F1: 0.2019

================== Epoch: 15 ==================
Epoch 15 - Training: 100%|████████████████████████████████████████| 134/134 [00:28<00:00,  4.75it/s]

Train Loss: 1.1239
Epoch 15 - Validation: 100%|████████████████████████████████████████| 39/39 [00:04<00:00,  8.46it/s]

Validation Loss: 1.1681
mIoU: 0.1580 | Precision: 0.2408 | Recall: 0.2440 | F1: 0.2082

✅ Saved Best Model with mIoU: 0.1580

✅ Saved Best Model with mF1: 0.2082

================== Epoch: 16 ==================
Epoch 16 - Training: 100%|████████████████████████████████████████| 134/134 [00:26<00:00,  4.98it/s]

Train Loss: 1.1143
Epoch 16 - Validation: 100%|████████████████████████████████████████| 39/39 [00:04<00:00,  8.28it/s]

Validation Loss: 1.1256
mIoU: 0.1615 | Precision: 0.2296 | Recall: 0.2407 | F1: 0.2121

✅ Saved Best Model with mIoU: 0.1615

✅ Saved Best Model with mF1: 0.2121

================== Epoch: 17 ==================
Epoch 17 - Training: 100%|████████████████████████████████████████| 134/134 [00:26<00:00,  4.97it/s]

Train Loss: 1.1133
Epoch 17 - Validation: 100%|████████████████████████████████████████| 39/39 [00:04<00:00,  8.29it/s]

Validation Loss: 1.0986
mIoU: 0.1587 | Precision: 0.2540 | Recall: 0.2309 | F1: 0.2087

================== Epoch: 18 ==================
Epoch 18 - Training: 100%|████████████████████████████████████████| 134/134 [00:26<00:00,  5.01it/s]

Train Loss: nan
Epoch 18 - Validation: 100%|████████████████████████████████████████| 39/39 [00:04<00:00,  8.47it/s]

Validation Loss: 1.0962
mIoU: 0.1654 | Precision: 0.2369 | Recall: 0.2438 | F1: 0.2149

✅ Saved Best Model with mIoU: 0.1654

✅ Saved Best Model with mF1: 0.2149

================== Epoch: 19 ==================
Epoch 19 - Training: 100%|████████████████████████████████████████| 134/134 [00:26<00:00,  5.01it/s]

Train Loss: 1.0720
Epoch 19 - Validation: 100%|████████████████████████████████████████| 39/39 [00:04<00:00,  8.38it/s]

Validation Loss: 1.1360
mIoU: 0.1561 | Precision: 0.2307 | Recall: 0.2418 | F1: 0.2055

================== Epoch: 20 ==================
Epoch 20 - Training: 100%|████████████████████████████████████████| 134/134 [00:26<00:00,  5.00it/s]

Train Loss: 1.0649
Epoch 20 - Validation: 100%|████████████████████████████████████████| 39/39 [00:04<00:00,  8.36it/s]

Validation Loss: 1.0882
mIoU: 0.1670 | Precision: 0.2418 | Recall: 0.2464 | F1: 0.2171

✅ Saved Best Model with mIoU: 0.1670

✅ Saved Best Model with mF1: 0.2171

================== Epoch: 21 ==================
Epoch 21 - Training: 100%|████████████████████████████████████████| 134/134 [00:26<00:00,  5.02it/s]

Train Loss: 1.0765
Epoch 21 - Validation: 100%|████████████████████████████████████████| 39/39 [00:04<00:00,  8.47it/s]

Validation Loss: 1.1131
mIoU: 0.1512 | Precision: 0.2423 | Recall: 0.2285 | F1: 0.1981

================== Epoch: 22 ==================
Epoch 22 - Training: 100%|████████████████████████████████████████| 134/134 [00:26<00:00,  5.01it/s]

Train Loss: 1.0573
Epoch 22 - Validation: 100%|████████████████████████████████████████| 39/39 [00:04<00:00,  8.48it/s]

Validation Loss: 1.0341
mIoU: 0.1794 | Precision: 0.2679 | Recall: 0.2603 | F1: 0.2324

✅ Saved Best Model with mIoU: 0.1794

✅ Saved Best Model with mF1: 0.2324

================== Epoch: 23 ==================
Epoch 23 - Training: 100%|████████████████████████████████████████| 134/134 [00:27<00:00,  4.94it/s]

Train Loss: 1.0276
Epoch 23 - Validation: 100%|████████████████████████████████████████| 39/39 [00:04<00:00,  8.36it/s]

Validation Loss: 1.0317
mIoU: 0.1803 | Precision: 0.2683 | Recall: 0.2607 | F1: 0.2355

✅ Saved Best Model with mIoU: 0.1803

✅ Saved Best Model with mF1: 0.2355

================== Epoch: 24 ==================
Epoch 24 - Training: 100%|████████████████████████████████████████| 134/134 [00:26<00:00,  4.97it/s]

Train Loss: 1.0166
Epoch 24 - Validation: 100%|████████████████████████████████████████| 39/39 [00:04<00:00,  8.28it/s]

Validation Loss: 1.0445
mIoU: 0.1802 | Precision: 0.2711 | Recall: 0.2595 | F1: 0.2345

================== Epoch: 25 ==================
Epoch 25 - Training: 100%|████████████████████████████████████████| 134/134 [00:27<00:00,  4.90it/s]

Train Loss: nan
Epoch 25 - Validation: 100%|████████████████████████████████████████| 39/39 [00:04<00:00,  8.51it/s]

Validation Loss: 1.2206
mIoU: 0.1614 | Precision: 0.2620 | Recall: 0.2444 | F1: 0.2160

================== Epoch: 26 ==================
Epoch 26 - Training: 100%|████████████████████████████████████████| 134/134 [00:26<00:00,  5.02it/s]

Train Loss: 1.0182
Epoch 26 - Validation: 100%|████████████████████████████████████████| 39/39 [00:04<00:00,  8.49it/s]

Validation Loss: 1.0479
mIoU: 0.1709 | Precision: 0.2599 | Recall: 0.2559 | F1: 0.2244

================== Epoch: 27 ==================
Epoch 27 - Training: 100%|████████████████████████████████████████| 134/134 [00:27<00:00,  4.83it/s]

Train Loss: 1.0040
Epoch 27 - Validation: 100%|████████████████████████████████████████| 39/39 [00:04<00:00,  8.47it/s]

Validation Loss: 1.0522
mIoU: 0.1726 | Precision: 0.2662 | Recall: 0.2559 | F1: 0.2237

================== Epoch: 28 ==================
Epoch 28 - Training: 100%|████████████████████████████████████████| 134/134 [00:27<00:00,  4.89it/s]

Train Loss: 1.0017
Epoch 28 - Validation: 100%|████████████████████████████████████████| 39/39 [00:04<00:00,  8.28it/s]

Validation Loss: 1.0326
mIoU: 0.1794 | Precision: 0.2788 | Recall: 0.2570 | F1: 0.2351

================== Epoch: 29 ==================
Epoch 29 - Training: 100%|████████████████████████████████████████| 134/134 [00:27<00:00,  4.95it/s]

Train Loss: 1.0124
Epoch 29 - Validation: 100%|████████████████████████████████████████| 39/39 [00:04<00:00,  8.39it/s]

Validation Loss: 1.0517
mIoU: 0.1612 | Precision: 0.2649 | Recall: 0.2368 | F1: 0.2121

================== Epoch: 30 ==================
Epoch 30 - Training: 100%|████████████████████████████████████████| 134/134 [00:27<00:00,  4.96it/s]

Train Loss: 0.9887
Epoch 30 - Validation: 100%|████████████████████████████████████████| 39/39 [00:04<00:00,  8.48it/s]

Validation Loss: 1.0544
mIoU: 0.1750 | Precision: 0.2727 | Recall: 0.2532 | F1: 0.2282

================== Epoch: 31 ==================
Epoch 31 - Training: 100%|████████████████████████████████████████| 134/134 [00:28<00:00,  4.77it/s]

Train Loss: 0.9955
Epoch 31 - Validation: 100%|████████████████████████████████████████| 39/39 [00:05<00:00,  7.22it/s]

Validation Loss: 1.0324
mIoU: 0.1773 | Precision: 0.2672 | Recall: 0.2550 | F1: 0.2342

================== Epoch: 32 ==================
Epoch 32 - Training: 100%|████████████████████████████████████████| 134/134 [00:27<00:00,  4.85it/s]

Train Loss: 0.9810
Epoch 32 - Validation: 100%|████████████████████████████████████████| 39/39 [00:04<00:00,  8.29it/s]

Validation Loss: 1.0117
mIoU: 0.1864 | Precision: 0.2949 | Recall: 0.2678 | F1: 0.2455

✅ Saved Best Model with mIoU: 0.1864

✅ Saved Best Model with mF1: 0.2455

================== Epoch: 33 ==================
Epoch 33 - Training: 100%|████████████████████████████████████████| 134/134 [00:27<00:00,  4.89it/s]

Train Loss: 0.9561
Epoch 33 - Validation: 100%|████████████████████████████████████████| 39/39 [00:04<00:00,  8.48it/s]

Validation Loss: 0.9906
mIoU: 0.1867 | Precision: 0.2728 | Recall: 0.2634 | F1: 0.2444

✅ Saved Best Model with mIoU: 0.1867

================== Epoch: 34 ==================
Epoch 34 - Training: 100%|████████████████████████████████████████| 134/134 [00:28<00:00,  4.77it/s]

Train Loss: 0.9565
Epoch 34 - Validation: 100%|████████████████████████████████████████| 39/39 [00:04<00:00,  8.49it/s]

Validation Loss: 0.9980
mIoU: 0.1864 | Precision: 0.2717 | Recall: 0.2713 | F1: 0.2410

================== Epoch: 35 ==================
Epoch 35 - Training: 100%|████████████████████████████████████████| 134/134 [00:27<00:00,  4.86it/s]

Train Loss: 0.9619
Epoch 35 - Validation: 100%|████████████████████████████████████████| 39/39 [00:06<00:00,  5.77it/s]

Validation Loss: 0.9805
mIoU: 0.1868 | Precision: 0.2785 | Recall: 0.2631 | F1: 0.2422

✅ Saved Best Model with mIoU: 0.1868

================== Epoch: 36 ==================
Epoch 36 - Training: 100%|████████████████████████████████████████| 134/134 [00:45<00:00,  2.97it/s]

Train Loss: 0.9692
Epoch 36 - Validation: 100%|████████████████████████████████████████| 39/39 [00:08<00:00,  4.78it/s]

Validation Loss: 1.0147
mIoU: 0.1772 | Precision: 0.2792 | Recall: 0.2444 | F1: 0.2310

================== Epoch: 37 ==================
Epoch 37 - Training: 100%|████████████████████████████████████████| 134/134 [00:44<00:00,  3.01it/s]

Train Loss: 0.9469
Epoch 37 - Validation: 100%|████████████████████████████████████████| 39/39 [00:08<00:00,  4.79it/s]

Validation Loss: 0.9919
mIoU: 0.1875 | Precision: 0.2834 | Recall: 0.2729 | F1: 0.2462

✅ Saved Best Model with mIoU: 0.1875

✅ Saved Best Model with mF1: 0.2462

================== Epoch: 38 ==================
Epoch 38 - Training: 100%|████████████████████████████████████████| 134/134 [00:44<00:00,  3.03it/s]

Train Loss: 0.9457
Epoch 38 - Validation: 100%|████████████████████████████████████████| 39/39 [00:08<00:00,  4.77it/s]

Validation Loss: 1.0053
mIoU: 0.1862 | Precision: 0.2771 | Recall: 0.2700 | F1: 0.2420

================== Epoch: 39 ==================
Epoch 39 - Training: 100%|████████████████████████████████████████| 134/134 [00:43<00:00,  3.09it/s]

Train Loss: 0.9359
Epoch 39 - Validation: 100%|████████████████████████████████████████| 39/39 [00:08<00:00,  4.69it/s]

Validation Loss: 0.9573
mIoU: 0.1919 | Precision: 0.2828 | Recall: 0.2728 | F1: 0.2483

✅ Saved Best Model with mIoU: 0.1919

✅ Saved Best Model with mF1: 0.2483

================== Epoch: 40 ==================
Epoch 40 - Training: 100%|████████████████████████████████████████| 134/134 [00:44<00:00,  3.02it/s]

Train Loss: 0.9520
Epoch 40 - Validation: 100%|████████████████████████████████████████| 39/39 [00:08<00:00,  4.61it/s]

Validation Loss: 0.9864
mIoU: 0.1936 | Precision: 0.2877 | Recall: 0.2688 | F1: 0.2517

✅ Saved Best Model with mIoU: 0.1936

✅ Saved Best Model with mF1: 0.2517

================== Epoch: 41 ==================
Epoch 41 - Training: 100%|████████████████████████████████████████| 134/134 [00:42<00:00,  3.13it/s]

Train Loss: 0.9340
Epoch 41 - Validation: 100%|████████████████████████████████████████| 39/39 [00:07<00:00,  4.88it/s]

Validation Loss: 0.9598
mIoU: 0.1955 | Precision: 0.2860 | Recall: 0.2719 | F1: 0.2538

✅ Saved Best Model with mIoU: 0.1955

✅ Saved Best Model with mF1: 0.2538

================== Epoch: 42 ==================
Epoch 42 - Training: 100%|████████████████████████████████████████| 134/134 [00:43<00:00,  3.07it/s]

Train Loss: 0.9122
Epoch 42 - Validation: 100%|████████████████████████████████████████| 39/39 [00:08<00:00,  4.84it/s]

Validation Loss: 0.9533
mIoU: 0.1919 | Precision: 0.2893 | Recall: 0.2711 | F1: 0.2474

================== Epoch: 43 ==================
Epoch 43 - Training: 100%|████████████████████████████████████████| 134/134 [00:43<00:00,  3.07it/s]

Train Loss: 0.9251
Epoch 43 - Validation: 100%|████████████████████████████████████████| 39/39 [00:08<00:00,  4.84it/s]

Validation Loss: 0.9467
mIoU: 0.1983 | Precision: 0.2823 | Recall: 0.2773 | F1: 0.2567

✅ Saved Best Model with mIoU: 0.1983

✅ Saved Best Model with mF1: 0.2567

================== Epoch: 44 ==================
Epoch 44 - Training: 100%|████████████████████████████████████████| 134/134 [00:43<00:00,  3.09it/s]

Train Loss: nan
Epoch 44 - Validation: 100%|████████████████████████████████████████| 39/39 [00:07<00:00,  5.24it/s]

Validation Loss: 0.9326
mIoU: 0.2013 | Precision: 0.2870 | Recall: 0.2777 | F1: 0.2601

✅ Saved Best Model with mIoU: 0.2013

✅ Saved Best Model with mF1: 0.2601

================== Epoch: 45 ==================
Epoch 45 - Training: 100%|████████████████████████████████████████| 134/134 [00:44<00:00,  2.99it/s]

Train Loss: 0.8922
Epoch 45 - Validation: 100%|████████████████████████████████████████| 39/39 [00:06<00:00,  5.62it/s]

Validation Loss: 0.9478
mIoU: 0.1960 | Precision: 0.2853 | Recall: 0.2759 | F1: 0.2539

================== Epoch: 46 ==================
Epoch 46 - Training: 100%|████████████████████████████████████████| 134/134 [00:43<00:00,  3.06it/s]

Train Loss: 0.9419
Epoch 46 - Validation: 100%|████████████████████████████████████████| 39/39 [00:07<00:00,  5.42it/s]

Validation Loss: 0.9513
mIoU: 0.1864 | Precision: 0.2933 | Recall: 0.2573 | F1: 0.2391

================== Epoch: 47 ==================
Epoch 47 - Training: 100%|████████████████████████████████████████| 134/134 [00:43<00:00,  3.06it/s]

Train Loss: 0.9027
Epoch 47 - Validation: 100%|████████████████████████████████████████| 39/39 [00:07<00:00,  5.28it/s]

Validation Loss: 0.9458
mIoU: 0.1916 | Precision: 0.2948 | Recall: 0.2634 | F1: 0.2467

================== Epoch: 48 ==================
Epoch 48 - Training: 100%|████████████████████████████████████████| 134/134 [00:45<00:00,  2.94it/s]

Train Loss: 0.8937
Epoch 48 - Validation: 100%|████████████████████████████████████████| 39/39 [00:08<00:00,  4.70it/s]

Validation Loss: 0.9625
mIoU: 0.1907 | Precision: 0.2995 | Recall: 0.2646 | F1: 0.2454

================== Epoch: 49 ==================
Epoch 49 - Training: 100%|████████████████████████████████████████| 134/134 [00:43<00:00,  3.07it/s]

Train Loss: 0.8911
Epoch 49 - Validation: 100%|████████████████████████████████████████| 39/39 [00:07<00:00,  5.06it/s]

Validation Loss: 0.9847
mIoU: 0.1991 | Precision: 0.2886 | Recall: 0.2733 | F1: 0.2575

================== Epoch: 50 ==================
Epoch 50 - Training: 100%|████████████████████████████████████████| 134/134 [00:44<00:00,  3.04it/s]

Train Loss: 0.8889
Epoch 50 - Validation: 100%|████████████████████████████████████████| 39/39 [00:08<00:00,  4.81it/s]

Validation Loss: 0.9393
mIoU: 0.1954 | Precision: 0.2975 | Recall: 0.2646 | F1: 0.2510

================== Epoch: 51 ==================
Epoch 51 - Training: 100%|████████████████████████████████████████| 134/134 [00:45<00:00,  2.96it/s]

Train Loss: 0.8615
Epoch 51 - Validation: 100%|████████████████████████████████████████| 39/39 [00:08<00:00,  4.84it/s]

Validation Loss: 0.9257
mIoU: 0.2003 | Precision: 0.2986 | Recall: 0.2746 | F1: 0.2584

================== Epoch: 52 ==================
Epoch 52 - Training: 100%|████████████████████████████████████████| 134/134 [00:44<00:00,  3.01it/s]

Train Loss: 0.8728
Epoch 52 - Validation: 100%|████████████████████████████████████████| 39/39 [00:07<00:00,  4.92it/s]

Validation Loss: 0.9155
mIoU: 0.1959 | Precision: 0.3047 | Recall: 0.2657 | F1: 0.2518

================== Epoch: 53 ==================
Epoch 53 - Training: 100%|████████████████████████████████████████| 134/134 [00:44<00:00,  3.04it/s]

Train Loss: 0.8648
Epoch 53 - Validation: 100%|████████████████████████████████████████| 39/39 [00:08<00:00,  4.65it/s]

Validation Loss: 0.9007
mIoU: 0.2040 | Precision: 0.3009 | Recall: 0.2826 | F1: 0.2619

✅ Saved Best Model with mIoU: 0.2040

✅ Saved Best Model with mF1: 0.2619

================== Epoch: 54 ==================
Epoch 54 - Training: 100%|████████████████████████████████████████| 134/134 [00:45<00:00,  2.97it/s]

Train Loss: 0.8433
Epoch 54 - Validation: 100%|████████████████████████████████████████| 39/39 [00:07<00:00,  4.88it/s]

Validation Loss: 0.9147
mIoU: 0.2064 | Precision: 0.3069 | Recall: 0.2820 | F1: 0.2649

✅ Saved Best Model with mIoU: 0.2064

✅ Saved Best Model with mF1: 0.2649

================== Epoch: 55 ==================
Epoch 55 - Training: 100%|████████████████████████████████████████| 134/134 [00:44<00:00,  2.99it/s]

Train Loss: 0.8471
Epoch 55 - Validation: 100%|████████████████████████████████████████| 39/39 [00:08<00:00,  4.79it/s]

Validation Loss: 0.9172
mIoU: 0.2034 | Precision: 0.3047 | Recall: 0.2774 | F1: 0.2612

================== Epoch: 56 ==================
Epoch 56 - Training: 100%|████████████████████████████████████████| 134/134 [00:46<00:00,  2.90it/s]

Train Loss: 0.8637
Epoch 56 - Validation: 100%|████████████████████████████████████████| 39/39 [00:08<00:00,  4.85it/s]

Validation Loss: 0.9161
mIoU: 0.2076 | Precision: 0.2869 | Recall: 0.2898 | F1: 0.2666

✅ Saved Best Model with mIoU: 0.2076

✅ Saved Best Model with mF1: 0.2666

================== Epoch: 57 ==================
Epoch 57 - Training: 100%|████████████████████████████████████████| 134/134 [00:45<00:00,  2.97it/s]

Train Loss: 0.8573
Epoch 57 - Validation: 100%|████████████████████████████████████████| 39/39 [00:08<00:00,  4.60it/s]

Validation Loss: 0.9704
mIoU: 0.1938 | Precision: 0.2802 | Recall: 0.2788 | F1: 0.2516

================== Epoch: 58 ==================
Epoch 58 - Training: 100%|████████████████████████████████████████| 134/134 [00:43<00:00,  3.07it/s]

Train Loss: 0.8912
Epoch 58 - Validation: 100%|████████████████████████████████████████| 39/39 [00:07<00:00,  4.93it/s]

Validation Loss: 0.9474
mIoU: 0.1944 | Precision: 0.2995 | Recall: 0.2738 | F1: 0.2518

================== Epoch: 59 ==================
Epoch 59 - Training: 100%|████████████████████████████████████████| 134/134 [00:42<00:00,  3.16it/s]

Train Loss: 0.8522
Epoch 59 - Validation: 100%|████████████████████████████████████████| 39/39 [00:07<00:00,  5.10it/s]

Validation Loss: 0.9406
mIoU: 0.2013 | Precision: 0.3106 | Recall: 0.2727 | F1: 0.2608

================== Epoch: 60 ==================
Epoch 60 - Training: 100%|████████████████████████████████████████| 134/134 [00:44<00:00,  3.00it/s]

Train Loss: 0.8396
Epoch 60 - Validation: 100%|████████████████████████████████████████| 39/39 [00:08<00:00,  4.77it/s]

Validation Loss: 0.9440
mIoU: 0.1897 | Precision: 0.2979 | Recall: 0.2681 | F1: 0.2457

================== Epoch: 61 ==================
Epoch 61 - Training: 100%|████████████████████████████████████████| 134/134 [00:44<00:00,  3.04it/s]

Train Loss: 0.8312
Epoch 61 - Validation: 100%|████████████████████████████████████████| 39/39 [00:08<00:00,  4.50it/s]

Validation Loss: 0.8996
mIoU: 0.2058 | Precision: 0.3056 | Recall: 0.2873 | F1: 0.2647

================== Epoch: 62 ==================
Epoch 62 - Training: 100%|████████████████████████████████████████| 134/134 [00:43<00:00,  3.09it/s]

Train Loss: 0.9403
Epoch 62 - Validation: 100%|████████████████████████████████████████| 39/39 [00:08<00:00,  4.40it/s]

Validation Loss: 0.9350
mIoU: 0.1964 | Precision: 0.2945 | Recall: 0.2703 | F1: 0.2536

================== Epoch: 63 ==================
Epoch 63 - Training: 100%|████████████████████████████████████████| 134/134 [00:47<00:00,  2.81it/s]

Train Loss: 0.8717
Epoch 63 - Validation: 100%|████████████████████████████████████████| 39/39 [00:09<00:00,  4.10it/s]

Validation Loss: 0.9136
mIoU: 0.2085 | Precision: 0.3061 | Recall: 0.2909 | F1: 0.2675

✅ Saved Best Model with mIoU: 0.2085

✅ Saved Best Model with mF1: 0.2675

================== Epoch: 64 ==================
Epoch 64 - Training: 100%|████████████████████████████████████████| 134/134 [00:47<00:00,  2.83it/s]

Train Loss: 0.8154
Epoch 64 - Validation: 100%|████████████████████████████████████████| 39/39 [00:09<00:00,  4.00it/s]

Validation Loss: 0.9213
mIoU: 0.2064 | Precision: 0.2944 | Recall: 0.2850 | F1: 0.2664

================== Epoch: 65 ==================
Epoch 65 - Training: 100%|████████████████████████████████████████| 134/134 [00:46<00:00,  2.88it/s]

Train Loss: 0.8521
Epoch 65 - Validation: 100%|████████████████████████████████████████| 39/39 [00:08<00:00,  4.86it/s]

Validation Loss: 0.9178
mIoU: 0.2042 | Precision: 0.3103 | Recall: 0.2808 | F1: 0.2626

================== Epoch: 66 ==================
Epoch 66 - Training: 100%|████████████████████████████████████████| 134/134 [00:45<00:00,  2.94it/s]

Train Loss: 0.8142
Epoch 66 - Validation: 100%|████████████████████████████████████████| 39/39 [00:09<00:00,  4.28it/s]

Validation Loss: 0.8961
mIoU: 0.2119 | Precision: 0.3002 | Recall: 0.2979 | F1: 0.2728

✅ Saved Best Model with mIoU: 0.2119

✅ Saved Best Model with mF1: 0.2728

================== Epoch: 67 ==================
Epoch 67 - Training: 100%|████████████████████████████████████████| 134/134 [00:46<00:00,  2.85it/s]

Train Loss: 0.8078
Epoch 67 - Validation: 100%|████████████████████████████████████████| 39/39 [00:08<00:00,  4.38it/s]

Validation Loss: 0.9287
mIoU: 0.2038 | Precision: 0.2988 | Recall: 0.2801 | F1: 0.2618

================== Epoch: 68 ==================
Epoch 68 - Training: 100%|████████████████████████████████████████| 134/134 [00:46<00:00,  2.87it/s]

Train Loss: 0.8085
Epoch 68 - Validation: 100%|████████████████████████████████████████| 39/39 [00:09<00:00,  4.30it/s]

Validation Loss: 0.9165
mIoU: 0.2062 | Precision: 0.3050 | Recall: 0.2850 | F1: 0.2639

================== Epoch: 69 ==================
Epoch 69 - Training: 100%|████████████████████████████████████████| 134/134 [00:47<00:00,  2.79it/s]

Train Loss: 0.7953
Epoch 69 - Validation: 100%|████████████████████████████████████████| 39/39 [00:09<00:00,  4.24it/s]

Validation Loss: 0.9184
mIoU: 0.2061 | Precision: 0.3044 | Recall: 0.2889 | F1: 0.2665

================== Epoch: 70 ==================
Epoch 70 - Training: 100%|████████████████████████████████████████| 134/134 [00:47<00:00,  2.84it/s]

Train Loss: 0.8106
Epoch 70 - Validation: 100%|████████████████████████████████████████| 39/39 [00:09<00:00,  4.30it/s]

Validation Loss: 0.8953
mIoU: 0.2121 | Precision: 0.3004 | Recall: 0.2954 | F1: 0.2728

✅ Saved Best Model with mIoU: 0.2121

✅ Saved Best Model with mF1: 0.2728

================== Epoch: 71 ==================
Epoch 71 - Training: 100%|████████████████████████████████████████| 134/134 [00:48<00:00,  2.76it/s]

Train Loss: 0.8052
Epoch 71 - Validation: 100%|████████████████████████████████████████| 39/39 [00:08<00:00,  4.53it/s]

Validation Loss: 0.9589
mIoU: 0.1917 | Precision: 0.2967 | Recall: 0.2750 | F1: 0.2509

================== Epoch: 72 ==================
Epoch 72 - Training: 100%|████████████████████████████████████████| 134/134 [00:47<00:00,  2.80it/s]

Train Loss: 0.8557
Epoch 72 - Validation: 100%|████████████████████████████████████████| 39/39 [00:08<00:00,  4.70it/s]

Validation Loss: 0.9264
mIoU: 0.1957 | Precision: 0.3033 | Recall: 0.2823 | F1: 0.2533

================== Epoch: 73 ==================
Epoch 73 - Training: 100%|████████████████████████████████████████| 134/134 [00:48<00:00,  2.76it/s]

Train Loss: 0.7666
Epoch 73 - Validation: 100%|████████████████████████████████████████| 39/39 [00:08<00:00,  4.49it/s]

Validation Loss: 0.9417
mIoU: 0.2077 | Precision: 0.3037 | Recall: 0.2955 | F1: 0.2703

================== Epoch: 74 ==================
Epoch 74 - Training: 100%|████████████████████████████████████████| 134/134 [00:47<00:00,  2.80it/s]

Train Loss: 0.7869
Epoch 74 - Validation: 100%|████████████████████████████████████████| 39/39 [00:08<00:00,  4.38it/s]

Validation Loss: 0.8982
mIoU: 0.2114 | Precision: 0.3150 | Recall: 0.2898 | F1: 0.2717

================== Epoch: 75 ==================
Epoch 75 - Training: 100%|████████████████████████████████████████| 134/134 [00:47<00:00,  2.82it/s]

Train Loss: 0.8286
Epoch 75 - Validation: 100%|████████████████████████████████████████| 39/39 [00:09<00:00,  4.25it/s]

Validation Loss: 0.9170
mIoU: 0.2049 | Precision: 0.3060 | Recall: 0.2802 | F1: 0.2641

================== Epoch: 76 ==================
Epoch 76 - Training: 100%|████████████████████████████████████████| 134/134 [00:46<00:00,  2.86it/s]

Train Loss: 0.7772
Epoch 76 - Validation: 100%|████████████████████████████████████████| 39/39 [00:09<00:00,  4.10it/s]

Validation Loss: 0.8870
mIoU: 0.2033 | Precision: 0.3113 | Recall: 0.2823 | F1: 0.2630

================== Epoch: 77 ==================
Epoch 77 - Training: 100%|████████████████████████████████████████| 134/134 [00:47<00:00,  2.81it/s]

Train Loss: 0.7813
Epoch 77 - Validation: 100%|████████████████████████████████████████| 39/39 [00:09<00:00,  4.03it/s]

Validation Loss: 0.9164
mIoU: 0.2099 | Precision: 0.3039 | Recall: 0.2928 | F1: 0.2700

================== Epoch: 78 ==================
Epoch 78 - Training: 100%|████████████████████████████████████████| 134/134 [00:48<00:00,  2.78it/s]

Train Loss: 0.7727
Epoch 78 - Validation: 100%|████████████████████████████████████████| 39/39 [00:09<00:00,  4.18it/s]

Validation Loss: 0.9111
mIoU: 0.2040 | Precision: 0.3152 | Recall: 0.2712 | F1: 0.2606

================== Epoch: 79 ==================
Epoch 79 - Training: 100%|████████████████████████████████████████| 134/134 [00:48<00:00,  2.77it/s]

Train Loss: 0.7805
Epoch 79 - Validation: 100%|████████████████████████████████████████| 39/39 [00:09<00:00,  4.22it/s]

Validation Loss: 0.9364
mIoU: 0.1999 | Precision: 0.3044 | Recall: 0.2753 | F1: 0.2573

================== Epoch: 80 ==================
Epoch 80 - Training: 100%|████████████████████████████████████████| 134/134 [00:48<00:00,  2.74it/s]

Train Loss: 0.7907
Epoch 80 - Validation: 100%|████████████████████████████████████████| 39/39 [00:08<00:00,  4.42it/s]

Validation Loss: 0.9157
mIoU: 0.2016 | Precision: 0.3010 | Recall: 0.2837 | F1: 0.2578

================== Epoch: 81 ==================
Epoch 81 - Training: 100%|████████████████████████████████████████| 134/134 [00:47<00:00,  2.80it/s]

Train Loss: 0.8124
Epoch 81 - Validation: 100%|████████████████████████████████████████| 39/39 [00:09<00:00,  4.16it/s]

Validation Loss: 0.9210
mIoU: 0.2027 | Precision: 0.2948 | Recall: 0.2854 | F1: 0.2615

================== Epoch: 82 ==================
Epoch 82 - Training: 100%|████████████████████████████████████████| 134/134 [00:48<00:00,  2.79it/s]

Train Loss: 0.7559
Epoch 82 - Validation: 100%|████████████████████████████████████████| 39/39 [00:09<00:00,  4.13it/s]

Validation Loss: 0.9207
mIoU: 0.2116 | Precision: 0.3076 | Recall: 0.2977 | F1: 0.2742

✅ Saved Best Model with mF1: 0.2742

================== Epoch: 83 ==================
Epoch 83 - Training: 100%|████████████████████████████████████████| 134/134 [00:47<00:00,  2.84it/s]

Train Loss: 0.7361
Epoch 83 - Validation: 100%|████████████████████████████████████████| 39/39 [00:09<00:00,  4.00it/s]

Validation Loss: 0.8878
mIoU: 0.2094 | Precision: 0.3151 | Recall: 0.2869 | F1: 0.2687

================== Epoch: 84 ==================
Epoch 84 - Training: 100%|████████████████████████████████████████| 134/134 [00:47<00:00,  2.82it/s]

Train Loss: 0.7370
Epoch 84 - Validation: 100%|████████████████████████████████████████| 39/39 [00:09<00:00,  4.21it/s]

Validation Loss: 0.8865
mIoU: 0.2126 | Precision: 0.3126 | Recall: 0.2899 | F1: 0.2717

✅ Saved Best Model with mIoU: 0.2126

================== Epoch: 85 ==================
Epoch 85 - Training: 100%|████████████████████████████████████████| 134/134 [00:48<00:00,  2.77it/s]

Train Loss: 0.7367
Epoch 85 - Validation: 100%|████████████████████████████████████████| 39/39 [00:09<00:00,  4.19it/s]

Validation Loss: 0.8891
mIoU: 0.2088 | Precision: 0.3061 | Recall: 0.2903 | F1: 0.2672

================== Epoch: 86 ==================
Epoch 86 - Training: 100%|████████████████████████████████████████| 134/134 [00:47<00:00,  2.82it/s]

Train Loss: 0.7517
Epoch 86 - Validation: 100%|████████████████████████████████████████| 39/39 [00:08<00:00,  4.37it/s]

Validation Loss: 0.9214
mIoU: 0.2083 | Precision: 0.3116 | Recall: 0.2903 | F1: 0.2688

================== Epoch: 87 ==================
Epoch 87 - Training: 100%|████████████████████████████████████████| 134/134 [00:48<00:00,  2.78it/s]

Train Loss: 0.7807
Epoch 87 - Validation: 100%|████████████████████████████████████████| 39/39 [00:09<00:00,  4.32it/s]

Validation Loss: 0.9262
mIoU: 0.2100 | Precision: 0.2992 | Recall: 0.2918 | F1: 0.2696

================== Epoch: 88 ==================
Epoch 88 - Training: 100%|████████████████████████████████████████| 134/134 [00:48<00:00,  2.75it/s]

Train Loss: 0.7760
Epoch 88 - Validation: 100%|████████████████████████████████████████| 39/39 [00:08<00:00,  4.72it/s]

Validation Loss: 0.9637
mIoU: 0.1938 | Precision: 0.3066 | Recall: 0.2649 | F1: 0.2497

================== Epoch: 89 ==================
Epoch 89 - Training: 100%|████████████████████████████████████████| 134/134 [00:48<00:00,  2.75it/s]

Train Loss: 0.8398
Epoch 89 - Validation: 100%|████████████████████████████████████████| 39/39 [00:08<00:00,  4.55it/s]

Validation Loss: 0.8998
mIoU: 0.2137 | Precision: 0.3298 | Recall: 0.2956 | F1: 0.2739

✅ Saved Best Model with mIoU: 0.2137

================== Epoch: 90 ==================
Epoch 90 - Training: 100%|████████████████████████████████████████| 134/134 [00:47<00:00,  2.81it/s]

Train Loss: 0.7529
Epoch 90 - Validation: 100%|████████████████████████████████████████| 39/39 [00:09<00:00,  4.01it/s]

Validation Loss: 0.8611
mIoU: 0.2165 | Precision: 0.3111 | Recall: 0.2963 | F1: 0.2773

✅ Saved Best Model with mIoU: 0.2165

✅ Saved Best Model with mF1: 0.2773

================== Epoch: 91 ==================
Epoch 91 - Training: 100%|████████████████████████████████████████| 134/134 [00:47<00:00,  2.83it/s]

Train Loss: 0.7279
Epoch 91 - Validation: 100%|████████████████████████████████████████| 39/39 [00:09<00:00,  4.23it/s]

Validation Loss: 0.8893
mIoU: 0.2116 | Precision: 0.3076 | Recall: 0.2938 | F1: 0.2719

================== Epoch: 92 ==================
Epoch 92 - Training: 100%|████████████████████████████████████████| 134/134 [00:48<00:00,  2.78it/s]

Train Loss: 0.8087
Epoch 92 - Validation: 100%|████████████████████████████████████████| 39/39 [00:09<00:00,  4.32it/s]

Validation Loss: 0.9243
mIoU: 0.2031 | Precision: 0.3095 | Recall: 0.2827 | F1: 0.2625

================== Epoch: 93 ==================
Epoch 93 - Training: 100%|████████████████████████████████████████| 134/134 [00:46<00:00,  2.87it/s]

Train Loss: 0.7654
Epoch 93 - Validation: 100%|████████████████████████████████████████| 39/39 [00:09<00:00,  4.29it/s]

Validation Loss: 0.8838
mIoU: 0.2113 | Precision: 0.3160 | Recall: 0.2903 | F1: 0.2709

================== Epoch: 94 ==================
Epoch 94 - Training: 100%|████████████████████████████████████████| 134/134 [00:47<00:00,  2.82it/s]

Train Loss: nan
Epoch 94 - Validation: 100%|████████████████████████████████████████| 39/39 [00:09<00:00,  4.26it/s]

Validation Loss: 0.8724
mIoU: 0.2088 | Precision: 0.3083 | Recall: 0.2865 | F1: 0.2672

================== Epoch: 95 ==================
Epoch 95 - Training: 100%|████████████████████████████████████████| 134/134 [00:47<00:00,  2.82it/s]

Train Loss: 0.7140
Epoch 95 - Validation: 100%|████████████████████████████████████████| 39/39 [00:09<00:00,  4.13it/s]

Validation Loss: 0.8967
mIoU: 0.2157 | Precision: 0.3150 | Recall: 0.2970 | F1: 0.2764

================== Epoch: 96 ==================
Epoch 96 - Training: 100%|████████████████████████████████████████| 134/134 [00:46<00:00,  2.91it/s]

Train Loss: 0.7159
Epoch 96 - Validation: 100%|████████████████████████████████████████| 39/39 [00:09<00:00,  4.20it/s]

Validation Loss: 0.9230
mIoU: 0.2029 | Precision: 0.3042 | Recall: 0.2811 | F1: 0.2607

================== Epoch: 97 ==================
Epoch 97 - Training: 100%|████████████████████████████████████████| 134/134 [00:47<00:00,  2.85it/s]

Train Loss: 0.7172
Epoch 97 - Validation: 100%|████████████████████████████████████████| 39/39 [00:10<00:00,  3.75it/s]

Validation Loss: 0.9100
mIoU: 0.2089 | Precision: 0.3064 | Recall: 0.2874 | F1: 0.2673

================== Epoch: 98 ==================
Epoch 98 - Training: 100%|████████████████████████████████████████| 134/134 [00:47<00:00,  2.85it/s]

Train Loss: 0.7112
Epoch 98 - Validation: 100%|████████████████████████████████████████| 39/39 [00:09<00:00,  4.29it/s]

Validation Loss: 0.9198
mIoU: 0.2082 | Precision: 0.3038 | Recall: 0.2847 | F1: 0.2674

================== Epoch: 99 ==================
Epoch 99 - Training: 100%|████████████████████████████████████████| 134/134 [00:48<00:00,  2.75it/s]

Train Loss: 0.7197
Epoch 99 - Validation: 100%|████████████████████████████████████████| 39/39 [00:08<00:00,  4.42it/s]

Validation Loss: 0.9615
mIoU: 0.2020 | Precision: 0.3104 | Recall: 0.2806 | F1: 0.2627

================== Epoch: 100 ==================
Epoch 100 - Training: 100%|███████████████████████████████████████| 134/134 [00:47<00:00,  2.84it/s]

Train Loss: 0.7646
Epoch 100 - Validation: 100%|███████████████████████████████████████| 39/39 [00:09<00:00,  4.27it/s]

Validation Loss: 0.8896
mIoU: 0.2110 | Precision: 0.3031 | Recall: 0.2881 | F1: 0.2701
