Training on cuda:1
训练轮次：100
模型保存位置：save_pth/07012257
开始训练！

================== Epoch: 1 ==================
Epoch 1 - Training: 100%|███████████████████████████████████████████| 67/67 [00:41<00:00,  1.60it/s]

Train Loss: 2.3406
Epoch 1 - Validation: 100%|█████████████████████████████████████████| 20/20 [00:07<00:00,  2.72it/s]

Validation Loss: 2.2192
mIoU: 0.0176 | Precision: 0.1139 | Recall: 0.0920 | F1: 0.0321

✅ Saved Best Model with mIoU: 0.0176

✅ Saved Best Model with mF1: 0.0321

================== Epoch: 2 ==================
Epoch 2 - Training: 100%|███████████████████████████████████████████| 67/67 [00:41<00:00,  1.62it/s]

Train Loss: 2.1888
Epoch 2 - Validation: 100%|█████████████████████████████████████████| 20/20 [00:07<00:00,  2.81it/s]

Validation Loss: 2.0878
mIoU: 0.0631 | Precision: 0.1339 | Recall: 0.1176 | F1: 0.0942

✅ Saved Best Model with mIoU: 0.0631

✅ Saved Best Model with mF1: 0.0942

================== Epoch: 3 ==================
Epoch 3 - Training: 100%|███████████████████████████████████████████| 67/67 [00:41<00:00,  1.61it/s]

Train Loss: 2.0770
Epoch 3 - Validation: 100%|█████████████████████████████████████████| 20/20 [00:06<00:00,  2.94it/s]

Validation Loss: 1.9770
mIoU: 0.0822 | Precision: 0.1451 | Recall: 0.1444 | F1: 0.1142

✅ Saved Best Model with mIoU: 0.0822

✅ Saved Best Model with mF1: 0.1142

================== Epoch: 4 ==================
Epoch 4 - Training: 100%|███████████████████████████████████████████| 67/67 [00:41<00:00,  1.61it/s]

Train Loss: 1.9825
Epoch 4 - Validation: 100%|█████████████████████████████████████████| 20/20 [00:06<00:00,  2.94it/s]

Validation Loss: 1.8944
mIoU: 0.0965 | Precision: 0.1542 | Recall: 0.1688 | F1: 0.1314

✅ Saved Best Model with mIoU: 0.0965

✅ Saved Best Model with mF1: 0.1314

================== Epoch: 5 ==================
Epoch 5 - Training: 100%|███████████████████████████████████████████| 67/67 [00:39<00:00,  1.68it/s]

Train Loss: 1.9094
Epoch 5 - Validation: 100%|█████████████████████████████████████████| 20/20 [00:07<00:00,  2.78it/s]

Validation Loss: 1.8311
mIoU: 0.0972 | Precision: 0.1638 | Recall: 0.1672 | F1: 0.1315

✅ Saved Best Model with mIoU: 0.0972

✅ Saved Best Model with mF1: 0.1315

================== Epoch: 6 ==================
Epoch 6 - Training: 100%|███████████████████████████████████████████| 67/67 [00:40<00:00,  1.67it/s]

Train Loss: 1.8575
Epoch 6 - Validation: 100%|█████████████████████████████████████████| 20/20 [00:06<00:00,  2.88it/s]

Validation Loss: 1.7831
mIoU: 0.1003 | Precision: 0.1738 | Recall: 0.1714 | F1: 0.1348

✅ Saved Best Model with mIoU: 0.1003

✅ Saved Best Model with mF1: 0.1348

================== Epoch: 7 ==================
Epoch 7 - Training: 100%|███████████████████████████████████████████| 67/67 [00:40<00:00,  1.67it/s]

Train Loss: 1.8175
Epoch 7 - Validation: 100%|█████████████████████████████████████████| 20/20 [00:06<00:00,  3.33it/s]

Validation Loss: 1.7513
mIoU: 0.1085 | Precision: 0.1915 | Recall: 0.1889 | F1: 0.1446

✅ Saved Best Model with mIoU: 0.1085

✅ Saved Best Model with mF1: 0.1446

================== Epoch: 8 ==================
Epoch 8 - Training: 100%|███████████████████████████████████████████| 67/67 [00:40<00:00,  1.66it/s]

Train Loss: 1.7797
Epoch 8 - Validation: 100%|█████████████████████████████████████████| 20/20 [00:06<00:00,  3.08it/s]

Validation Loss: 1.7170
mIoU: 0.1100 | Precision: 0.1946 | Recall: 0.1869 | F1: 0.1463

✅ Saved Best Model with mIoU: 0.1100

✅ Saved Best Model with mF1: 0.1463

================== Epoch: 9 ==================
Epoch 9 - Training: 100%|███████████████████████████████████████████| 67/67 [00:40<00:00,  1.65it/s]

Train Loss: 1.7566
Epoch 9 - Validation: 100%|█████████████████████████████████████████| 20/20 [00:06<00:00,  3.08it/s]

Validation Loss: 1.6998
mIoU: 0.1122 | Precision: 0.1935 | Recall: 0.1961 | F1: 0.1486

✅ Saved Best Model with mIoU: 0.1122

✅ Saved Best Model with mF1: 0.1486

================== Epoch: 10 ==================
Epoch 10 - Training: 100%|██████████████████████████████████████████| 67/67 [00:41<00:00,  1.62it/s]

Train Loss: 1.7298
Epoch 10 - Validation: 100%|████████████████████████████████████████| 20/20 [00:05<00:00,  3.50it/s]

Validation Loss: 1.6924
mIoU: 0.1100 | Precision: 0.1974 | Recall: 0.1842 | F1: 0.1455

================== Epoch: 11 ==================
Epoch 11 - Training: 100%|██████████████████████████████████████████| 67/67 [00:41<00:00,  1.61it/s]

Train Loss: 1.7160
Epoch 11 - Validation: 100%|████████████████████████████████████████| 20/20 [00:06<00:00,  3.20it/s]

Validation Loss: 1.6592
mIoU: 0.1152 | Precision: 0.1982 | Recall: 0.1904 | F1: 0.1524

✅ Saved Best Model with mIoU: 0.1152

✅ Saved Best Model with mF1: 0.1524

================== Epoch: 12 ==================
Epoch 12 - Training: 100%|██████████████████████████████████████████| 67/67 [00:41<00:00,  1.62it/s]

Train Loss: 1.6903
Epoch 12 - Validation: 100%|████████████████████████████████████████| 20/20 [00:06<00:00,  3.32it/s]

Validation Loss: 1.6386
mIoU: 0.1162 | Precision: 0.2006 | Recall: 0.1908 | F1: 0.1533

✅ Saved Best Model with mIoU: 0.1162

✅ Saved Best Model with mF1: 0.1533

================== Epoch: 13 ==================
Epoch 13 - Training: 100%|██████████████████████████████████████████| 67/67 [00:40<00:00,  1.64it/s]

Train Loss: 1.6754
Epoch 13 - Validation: 100%|████████████████████████████████████████| 20/20 [00:05<00:00,  3.55it/s]

Validation Loss: 1.6199
mIoU: 0.1184 | Precision: 0.2080 | Recall: 0.1906 | F1: 0.1570

✅ Saved Best Model with mIoU: 0.1184

✅ Saved Best Model with mF1: 0.1570

================== Epoch: 14 ==================
Epoch 14 - Training: 100%|██████████████████████████████████████████| 67/67 [00:40<00:00,  1.65it/s]

Train Loss: 1.6551
Epoch 14 - Validation: 100%|████████████████████████████████████████| 20/20 [00:06<00:00,  2.95it/s]

Validation Loss: 1.6008
mIoU: 0.1237 | Precision: 0.2146 | Recall: 0.2007 | F1: 0.1639

✅ Saved Best Model with mIoU: 0.1237

✅ Saved Best Model with mF1: 0.1639

================== Epoch: 15 ==================
Epoch 15 - Training: 100%|██████████████████████████████████████████| 67/67 [00:40<00:00,  1.65it/s]

Train Loss: 1.6415
Epoch 15 - Validation: 100%|████████████████████████████████████████| 20/20 [00:06<00:00,  2.89it/s]

Validation Loss: 1.6028
mIoU: 0.1195 | Precision: 0.2208 | Recall: 0.1891 | F1: 0.1583

================== Epoch: 16 ==================
Epoch 16 - Training: 100%|██████████████████████████████████████████| 67/67 [00:40<00:00,  1.65it/s]

Train Loss: 1.6333
Epoch 16 - Validation: 100%|████████████████████████████████████████| 20/20 [00:07<00:00,  2.82it/s]

Validation Loss: 1.5730
mIoU: 0.1287 | Precision: 0.2252 | Recall: 0.2004 | F1: 0.1713

✅ Saved Best Model with mIoU: 0.1287

✅ Saved Best Model with mF1: 0.1713

================== Epoch: 17 ==================
Epoch 17 - Training: 100%|██████████████████████████████████████████| 67/67 [00:40<00:00,  1.64it/s]

Train Loss: 1.6139
Epoch 17 - Validation: 100%|████████████████████████████████████████| 20/20 [00:06<00:00,  3.05it/s]

Validation Loss: 1.5653
mIoU: 0.1327 | Precision: 0.2274 | Recall: 0.2036 | F1: 0.1774

✅ Saved Best Model with mIoU: 0.1327

✅ Saved Best Model with mF1: 0.1774

================== Epoch: 18 ==================
Epoch 18 - Training: 100%|██████████████████████████████████████████| 67/67 [00:41<00:00,  1.61it/s]

Train Loss: 1.5956
Epoch 18 - Validation: 100%|████████████████████████████████████████| 20/20 [00:06<00:00,  2.90it/s]

Validation Loss: 1.5423
mIoU: 0.1406 | Precision: 0.2295 | Recall: 0.2184 | F1: 0.1863

✅ Saved Best Model with mIoU: 0.1406

✅ Saved Best Model with mF1: 0.1863

================== Epoch: 19 ==================
Epoch 19 - Training: 100%|██████████████████████████████████████████| 67/67 [00:41<00:00,  1.61it/s]

Train Loss: 1.5864
Epoch 19 - Validation: 100%|████████████████████████████████████████| 20/20 [00:06<00:00,  2.90it/s]

Validation Loss: 1.5293
mIoU: 0.1375 | Precision: 0.2358 | Recall: 0.2109 | F1: 0.1824

================== Epoch: 20 ==================
Epoch 20 - Training: 100%|██████████████████████████████████████████| 67/67 [00:40<00:00,  1.66it/s]

Train Loss: 1.5707
Epoch 20 - Validation: 100%|████████████████████████████████████████| 20/20 [00:06<00:00,  3.22it/s]

Validation Loss: 1.5328
mIoU: 0.1352 | Precision: 0.2447 | Recall: 0.2063 | F1: 0.1796

================== Epoch: 21 ==================
Epoch 21 - Training: 100%|██████████████████████████████████████████| 67/67 [00:41<00:00,  1.63it/s]

Train Loss: 1.5671
Epoch 21 - Validation: 100%|████████████████████████████████████████| 20/20 [00:06<00:00,  3.16it/s]

Validation Loss: 1.5179
mIoU: 0.1398 | Precision: 0.2456 | Recall: 0.2077 | F1: 0.1849

================== Epoch: 22 ==================
Epoch 22 - Training: 100%|██████████████████████████████████████████| 67/67 [00:41<00:00,  1.61it/s]

Train Loss: 1.5343
Epoch 22 - Validation: 100%|████████████████████████████████████████| 20/20 [00:06<00:00,  3.11it/s]

Validation Loss: 1.4911
mIoU: 0.1457 | Precision: 0.2472 | Recall: 0.2199 | F1: 0.1921

✅ Saved Best Model with mIoU: 0.1457

✅ Saved Best Model with mF1: 0.1921

================== Epoch: 23 ==================
Epoch 23 - Training: 100%|██████████████████████████████████████████| 67/67 [00:41<00:00,  1.61it/s]

Train Loss: 1.5418
Epoch 23 - Validation: 100%|████████████████████████████████████████| 20/20 [00:05<00:00,  3.36it/s]

Validation Loss: 1.5081
mIoU: 0.1426 | Precision: 0.2442 | Recall: 0.2129 | F1: 0.1892

================== Epoch: 24 ==================
Epoch 24 - Training: 100%|██████████████████████████████████████████| 67/67 [00:42<00:00,  1.58it/s]

Train Loss: 1.5346
Epoch 24 - Validation: 100%|████████████████████████████████████████| 20/20 [00:06<00:00,  2.97it/s]

Validation Loss: 1.4796
mIoU: 0.1506 | Precision: 0.2425 | Recall: 0.2304 | F1: 0.1977

✅ Saved Best Model with mIoU: 0.1506

✅ Saved Best Model with mF1: 0.1977

================== Epoch: 25 ==================
Epoch 25 - Training: 100%|██████████████████████████████████████████| 67/67 [00:40<00:00,  1.65it/s]

Train Loss: 1.5140
Epoch 25 - Validation: 100%|████████████████████████████████████████| 20/20 [00:06<00:00,  3.09it/s]

Validation Loss: 1.4653
mIoU: 0.1572 | Precision: 0.2449 | Recall: 0.2341 | F1: 0.2045

✅ Saved Best Model with mIoU: 0.1572

✅ Saved Best Model with mF1: 0.2045

================== Epoch: 26 ==================
Epoch 26 - Training: 100%|██████████████████████████████████████████| 67/67 [00:41<00:00,  1.63it/s]

Train Loss: 1.4919
Epoch 26 - Validation: 100%|████████████████████████████████████████| 20/20 [00:06<00:00,  2.93it/s]

Validation Loss: 1.4600
mIoU: 0.1551 | Precision: 0.2510 | Recall: 0.2317 | F1: 0.2023

================== Epoch: 27 ==================
Epoch 27 - Training: 100%|██████████████████████████████████████████| 67/67 [00:42<00:00,  1.59it/s]

Train Loss: 1.4886
Epoch 27 - Validation: 100%|████████████████████████████████████████| 20/20 [00:06<00:00,  3.10it/s]

Validation Loss: 1.4417
mIoU: 0.1558 | Precision: 0.2454 | Recall: 0.2336 | F1: 0.2022

================== Epoch: 28 ==================
Epoch 28 - Training: 100%|██████████████████████████████████████████| 67/67 [00:42<00:00,  1.59it/s]

Train Loss: 1.4794
Epoch 28 - Validation: 100%|████████████████████████████████████████| 20/20 [00:06<00:00,  3.04it/s]

Validation Loss: 1.4405
mIoU: 0.1620 | Precision: 0.2649 | Recall: 0.2427 | F1: 0.2098

✅ Saved Best Model with mIoU: 0.1620

✅ Saved Best Model with mF1: 0.2098

================== Epoch: 29 ==================
Epoch 29 - Training: 100%|██████████████████████████████████████████| 67/67 [00:41<00:00,  1.61it/s]

Train Loss: 1.4611
Epoch 29 - Validation: 100%|████████████████████████████████████████| 20/20 [00:06<00:00,  3.08it/s]

Validation Loss: 1.4281
mIoU: 0.1605 | Precision: 0.2603 | Recall: 0.2363 | F1: 0.2088

================== Epoch: 30 ==================
Epoch 30 - Training: 100%|██████████████████████████████████████████| 67/67 [00:44<00:00,  1.52it/s]

Train Loss: 1.4585
Epoch 30 - Validation: 100%|████████████████████████████████████████| 20/20 [00:07<00:00,  2.52it/s]

Validation Loss: 1.4299
mIoU: 0.1570 | Precision: 0.2519 | Recall: 0.2402 | F1: 0.2040

================== Epoch: 31 ==================
Epoch 31 - Training: 100%|██████████████████████████████████████████| 67/67 [00:45<00:00,  1.48it/s]

Train Loss: 1.4637
Epoch 31 - Validation: 100%|████████████████████████████████████████| 20/20 [00:08<00:00,  2.47it/s]

Validation Loss: 1.4349
mIoU: 0.1598 | Precision: 0.2534 | Recall: 0.2471 | F1: 0.2074

================== Epoch: 32 ==================
Epoch 32 - Training: 100%|██████████████████████████████████████████| 67/67 [00:45<00:00,  1.46it/s]

Train Loss: 1.4385
Epoch 32 - Validation: 100%|████████████████████████████████████████| 20/20 [00:08<00:00,  2.47it/s]

Validation Loss: 1.4154
mIoU: 0.1639 | Precision: 0.2741 | Recall: 0.2450 | F1: 0.2120

✅ Saved Best Model with mIoU: 0.1639

✅ Saved Best Model with mF1: 0.2120

================== Epoch: 33 ==================
Epoch 33 - Training: 100%|██████████████████████████████████████████| 67/67 [00:44<00:00,  1.51it/s]

Train Loss: 1.4342
Epoch 33 - Validation: 100%|████████████████████████████████████████| 20/20 [00:06<00:00,  2.95it/s]

Validation Loss: 1.4060
mIoU: 0.1643 | Precision: 0.2677 | Recall: 0.2397 | F1: 0.2126

✅ Saved Best Model with mIoU: 0.1643

✅ Saved Best Model with mF1: 0.2126

================== Epoch: 34 ==================
Epoch 34 - Training: 100%|██████████████████████████████████████████| 67/67 [00:43<00:00,  1.53it/s]

Train Loss: 1.4281
Epoch 34 - Validation: 100%|████████████████████████████████████████| 20/20 [00:08<00:00,  2.41it/s]

Validation Loss: 1.4050
mIoU: 0.1644 | Precision: 0.2683 | Recall: 0.2422 | F1: 0.2121

✅ Saved Best Model with mIoU: 0.1644

================== Epoch: 35 ==================
Epoch 35 - Training: 100%|██████████████████████████████████████████| 67/67 [00:44<00:00,  1.51it/s]

Train Loss: 1.4271
Epoch 35 - Validation: 100%|████████████████████████████████████████| 20/20 [00:07<00:00,  2.79it/s]

Validation Loss: 1.3994
mIoU: 0.1693 | Precision: 0.2721 | Recall: 0.2532 | F1: 0.2191

✅ Saved Best Model with mIoU: 0.1693

✅ Saved Best Model with mF1: 0.2191

================== Epoch: 36 ==================
Epoch 36 - Training: 100%|██████████████████████████████████████████| 67/67 [00:45<00:00,  1.49it/s]

Train Loss: 1.4186
Epoch 36 - Validation: 100%|████████████████████████████████████████| 20/20 [00:07<00:00,  2.58it/s]

Validation Loss: 1.3968
mIoU: 0.1686 | Precision: 0.2674 | Recall: 0.2435 | F1: 0.2182

================== Epoch: 37 ==================
Epoch 37 - Training: 100%|██████████████████████████████████████████| 67/67 [00:46<00:00,  1.45it/s]

Train Loss: 1.4060
Epoch 37 - Validation: 100%|████████████████████████████████████████| 20/20 [00:07<00:00,  2.59it/s]

Validation Loss: 1.3807
mIoU: 0.1715 | Precision: 0.2837 | Recall: 0.2491 | F1: 0.2229

✅ Saved Best Model with mIoU: 0.1715

✅ Saved Best Model with mF1: 0.2229

================== Epoch: 38 ==================
Epoch 38 - Training: 100%|██████████████████████████████████████████| 67/67 [00:45<00:00,  1.47it/s]

Train Loss: 1.4055
Epoch 38 - Validation: 100%|████████████████████████████████████████| 20/20 [00:07<00:00,  2.61it/s]

Validation Loss: 1.3940
mIoU: 0.1737 | Precision: 0.2794 | Recall: 0.2525 | F1: 0.2253

✅ Saved Best Model with mIoU: 0.1737

✅ Saved Best Model with mF1: 0.2253

================== Epoch: 39 ==================
Epoch 39 - Training: 100%|██████████████████████████████████████████| 67/67 [00:46<00:00,  1.45it/s]

Train Loss: 1.3962
Epoch 39 - Validation: 100%|████████████████████████████████████████| 20/20 [00:07<00:00,  2.55it/s]

Validation Loss: 1.3831
mIoU: 0.1701 | Precision: 0.2814 | Recall: 0.2482 | F1: 0.2208

================== Epoch: 40 ==================
Epoch 40 - Training: 100%|██████████████████████████████████████████| 67/67 [00:46<00:00,  1.43it/s]

Train Loss: 1.3914
Epoch 40 - Validation: 100%|████████████████████████████████████████| 20/20 [00:08<00:00,  2.49it/s]

Validation Loss: 1.3644
mIoU: 0.1785 | Precision: 0.2912 | Recall: 0.2563 | F1: 0.2309

✅ Saved Best Model with mIoU: 0.1785

✅ Saved Best Model with mF1: 0.2309

================== Epoch: 41 ==================
Epoch 41 - Training: 100%|██████████████████████████████████████████| 67/67 [00:46<00:00,  1.45it/s]

Train Loss: 1.3775
Epoch 41 - Validation: 100%|████████████████████████████████████████| 20/20 [00:08<00:00,  2.47it/s]

Validation Loss: 1.3659
mIoU: 0.1780 | Precision: 0.2867 | Recall: 0.2574 | F1: 0.2313

✅ Saved Best Model with mF1: 0.2313

================== Epoch: 42 ==================
Epoch 42 - Training: 100%|██████████████████████████████████████████| 67/67 [00:45<00:00,  1.48it/s]

Train Loss: 1.3774
Epoch 42 - Validation: 100%|████████████████████████████████████████| 20/20 [00:07<00:00,  2.56it/s]

Validation Loss: 1.3650
mIoU: 0.1774 | Precision: 0.2815 | Recall: 0.2552 | F1: 0.2308

================== Epoch: 43 ==================
Epoch 43 - Training: 100%|██████████████████████████████████████████| 67/67 [00:45<00:00,  1.47it/s]

Train Loss: 1.3705
Epoch 43 - Validation: 100%|████████████████████████████████████████| 20/20 [00:08<00:00,  2.33it/s]

Validation Loss: 1.3590
mIoU: 0.1831 | Precision: 0.2884 | Recall: 0.2617 | F1: 0.2369

✅ Saved Best Model with mIoU: 0.1831

✅ Saved Best Model with mF1: 0.2369

================== Epoch: 44 ==================
Epoch 44 - Training: 100%|██████████████████████████████████████████| 67/67 [00:44<00:00,  1.50it/s]

Train Loss: 1.3674
Epoch 44 - Validation: 100%|████████████████████████████████████████| 20/20 [00:07<00:00,  2.62it/s]

Validation Loss: 1.3610
mIoU: 0.1803 | Precision: 0.2875 | Recall: 0.2615 | F1: 0.2331

================== Epoch: 45 ==================
Epoch 45 - Training: 100%|██████████████████████████████████████████| 67/67 [00:44<00:00,  1.50it/s]

Train Loss: 1.3602
Epoch 45 - Validation: 100%|████████████████████████████████████████| 20/20 [00:07<00:00,  2.57it/s]

Validation Loss: 1.3446
mIoU: 0.1826 | Precision: 0.2936 | Recall: 0.2580 | F1: 0.2364

================== Epoch: 46 ==================
Epoch 46 - Training: 100%|██████████████████████████████████████████| 67/67 [00:47<00:00,  1.42it/s]

Train Loss: 1.3527
Epoch 46 - Validation: 100%|████████████████████████████████████████| 20/20 [00:08<00:00,  2.48it/s]

Validation Loss: 1.3563
mIoU: 0.1842 | Precision: 0.2884 | Recall: 0.2688 | F1: 0.2383

✅ Saved Best Model with mIoU: 0.1842

✅ Saved Best Model with mF1: 0.2383

================== Epoch: 47 ==================
Epoch 47 - Training: 100%|██████████████████████████████████████████| 67/67 [00:45<00:00,  1.48it/s]

Train Loss: 1.3468
Epoch 47 - Validation: 100%|████████████████████████████████████████| 20/20 [00:08<00:00,  2.25it/s]

Validation Loss: 1.3444
mIoU: 0.1855 | Precision: 0.2984 | Recall: 0.2641 | F1: 0.2392

✅ Saved Best Model with mIoU: 0.1855

✅ Saved Best Model with mF1: 0.2392

================== Epoch: 48 ==================
Epoch 48 - Training: 100%|██████████████████████████████████████████| 67/67 [00:45<00:00,  1.48it/s]

Train Loss: 1.3420
Epoch 48 - Validation: 100%|████████████████████████████████████████| 20/20 [00:08<00:00,  2.26it/s]

Validation Loss: 1.3402
mIoU: 0.1847 | Precision: 0.2939 | Recall: 0.2618 | F1: 0.2387

================== Epoch: 49 ==================
Epoch 49 - Training: 100%|██████████████████████████████████████████| 67/67 [00:44<00:00,  1.50it/s]

Train Loss: 1.3598
Epoch 49 - Validation: 100%|████████████████████████████████████████| 20/20 [00:07<00:00,  2.58it/s]

Validation Loss: 1.3406
mIoU: 0.1866 | Precision: 0.2929 | Recall: 0.2683 | F1: 0.2409

✅ Saved Best Model with mIoU: 0.1866

✅ Saved Best Model with mF1: 0.2409

================== Epoch: 50 ==================
Epoch 50 - Training: 100%|██████████████████████████████████████████| 67/67 [00:46<00:00,  1.45it/s]

Train Loss: 1.3412
Epoch 50 - Validation: 100%|████████████████████████████████████████| 20/20 [00:07<00:00,  2.51it/s]

Validation Loss: 1.3352
mIoU: 0.1826 | Precision: 0.2861 | Recall: 0.2627 | F1: 0.2360

================== Epoch: 51 ==================
Epoch 51 - Training: 100%|██████████████████████████████████████████| 67/67 [00:45<00:00,  1.47it/s]

Train Loss: 1.3314
Epoch 51 - Validation: 100%|████████████████████████████████████████| 20/20 [00:07<00:00,  2.55it/s]

Validation Loss: 1.3219
mIoU: 0.1849 | Precision: 0.3038 | Recall: 0.2634 | F1: 0.2377

================== Epoch: 52 ==================
Epoch 52 - Training: 100%|██████████████████████████████████████████| 67/67 [00:46<00:00,  1.45it/s]

Train Loss: 1.3374
Epoch 52 - Validation: 100%|████████████████████████████████████████| 20/20 [00:08<00:00,  2.45it/s]

Validation Loss: 1.3275
mIoU: 0.1868 | Precision: 0.2933 | Recall: 0.2680 | F1: 0.2406

✅ Saved Best Model with mIoU: 0.1868

================== Epoch: 53 ==================
Epoch 53 - Training: 100%|██████████████████████████████████████████| 67/67 [00:45<00:00,  1.48it/s]

Train Loss: 1.3249
Epoch 53 - Validation: 100%|████████████████████████████████████████| 20/20 [00:07<00:00,  2.54it/s]

Validation Loss: 1.3307
mIoU: 0.1840 | Precision: 0.2721 | Recall: 0.2629 | F1: 0.2384

================== Epoch: 54 ==================
Epoch 54 - Training: 100%|██████████████████████████████████████████| 67/67 [00:45<00:00,  1.47it/s]

Train Loss: 1.3172
Epoch 54 - Validation: 100%|████████████████████████████████████████| 20/20 [00:07<00:00,  2.53it/s]

Validation Loss: 1.3159
mIoU: 0.1863 | Precision: 0.3042 | Recall: 0.2666 | F1: 0.2395

================== Epoch: 55 ==================
Epoch 55 - Training: 100%|██████████████████████████████████████████| 67/67 [00:45<00:00,  1.47it/s]

Train Loss: 1.3126
Epoch 55 - Validation: 100%|████████████████████████████████████████| 20/20 [00:07<00:00,  2.51it/s]

Validation Loss: 1.3116
mIoU: 0.1868 | Precision: 0.2925 | Recall: 0.2637 | F1: 0.2405

✅ Saved Best Model with mIoU: 0.1868

================== Epoch: 56 ==================
Epoch 56 - Training: 100%|██████████████████████████████████████████| 67/67 [00:45<00:00,  1.47it/s]

Train Loss: 1.3115
Epoch 56 - Validation: 100%|████████████████████████████████████████| 20/20 [00:07<00:00,  2.52it/s]

Validation Loss: 1.3157
mIoU: 0.1862 | Precision: 0.2964 | Recall: 0.2639 | F1: 0.2398

================== Epoch: 57 ==================
Epoch 57 - Training: 100%|██████████████████████████████████████████| 67/67 [00:45<00:00,  1.46it/s]

Train Loss: 1.3145
Epoch 57 - Validation: 100%|████████████████████████████████████████| 20/20 [00:07<00:00,  2.59it/s]

Validation Loss: 1.3320
mIoU: 0.1844 | Precision: 0.2820 | Recall: 0.2683 | F1: 0.2387

================== Epoch: 58 ==================
Epoch 58 - Training: 100%|██████████████████████████████████████████| 67/67 [00:46<00:00,  1.44it/s]

Train Loss: 1.3092
Epoch 58 - Validation: 100%|████████████████████████████████████████| 20/20 [00:07<00:00,  2.64it/s]

Validation Loss: 1.3315
mIoU: 0.1797 | Precision: 0.2873 | Recall: 0.2644 | F1: 0.2332

================== Epoch: 59 ==================
Epoch 59 - Training: 100%|██████████████████████████████████████████| 67/67 [00:45<00:00,  1.47it/s]

Train Loss: 1.2982
Epoch 59 - Validation: 100%|████████████████████████████████████████| 20/20 [00:07<00:00,  2.59it/s]

Validation Loss: 1.3129
mIoU: 0.1865 | Precision: 0.2850 | Recall: 0.2654 | F1: 0.2406

================== Epoch: 60 ==================
Epoch 60 - Training: 100%|██████████████████████████████████████████| 67/67 [00:45<00:00,  1.48it/s]

Train Loss: 1.3090
Epoch 60 - Validation: 100%|████████████████████████████████████████| 20/20 [00:07<00:00,  2.61it/s]

Validation Loss: 1.3027
mIoU: 0.1858 | Precision: 0.3043 | Recall: 0.2648 | F1: 0.2390

================== Epoch: 61 ==================
Epoch 61 - Training: 100%|██████████████████████████████████████████| 67/67 [00:46<00:00,  1.45it/s]

Train Loss: 1.2968
Epoch 61 - Validation: 100%|████████████████████████████████████████| 20/20 [00:07<00:00,  2.54it/s]

Validation Loss: 1.3166
mIoU: 0.1855 | Precision: 0.2746 | Recall: 0.2667 | F1: 0.2392

================== Epoch: 62 ==================
Epoch 62 - Training: 100%|██████████████████████████████████████████| 67/67 [00:44<00:00,  1.49it/s]

Train Loss: 1.2954
Epoch 62 - Validation: 100%|████████████████████████████████████████| 20/20 [00:08<00:00,  2.44it/s]

Validation Loss: 1.3157
mIoU: 0.1877 | Precision: 0.2757 | Recall: 0.2730 | F1: 0.2424

✅ Saved Best Model with mIoU: 0.1877

✅ Saved Best Model with mF1: 0.2424

================== Epoch: 63 ==================
Epoch 63 - Training: 100%|██████████████████████████████████████████| 67/67 [00:45<00:00,  1.46it/s]

Train Loss: 1.3033
Epoch 63 - Validation: 100%|████████████████████████████████████████| 20/20 [00:07<00:00,  2.59it/s]

Validation Loss: 1.3124
mIoU: 0.1892 | Precision: 0.3016 | Recall: 0.2733 | F1: 0.2447

✅ Saved Best Model with mIoU: 0.1892

✅ Saved Best Model with mF1: 0.2447

================== Epoch: 64 ==================
Epoch 64 - Training: 100%|██████████████████████████████████████████| 67/67 [00:45<00:00,  1.48it/s]

Train Loss: 1.2902
Epoch 64 - Validation: 100%|████████████████████████████████████████| 20/20 [00:07<00:00,  2.53it/s]

Validation Loss: 1.2932
mIoU: 0.1889 | Precision: 0.3014 | Recall: 0.2714 | F1: 0.2432

================== Epoch: 65 ==================
Epoch 65 - Training: 100%|██████████████████████████████████████████| 67/67 [00:44<00:00,  1.49it/s]

Train Loss: 1.2875
Epoch 65 - Validation: 100%|████████████████████████████████████████| 20/20 [00:07<00:00,  2.74it/s]

Validation Loss: 1.3262
mIoU: 0.1821 | Precision: 0.2752 | Recall: 0.2679 | F1: 0.2361

================== Epoch: 66 ==================
Epoch 66 - Training: 100%|██████████████████████████████████████████| 67/67 [00:44<00:00,  1.50it/s]

Train Loss: 1.2834
Epoch 66 - Validation: 100%|████████████████████████████████████████| 20/20 [00:08<00:00,  2.48it/s]

Validation Loss: 1.3236
mIoU: 0.1829 | Precision: 0.2788 | Recall: 0.2636 | F1: 0.2368

================== Epoch: 67 ==================
Epoch 67 - Training: 100%|██████████████████████████████████████████| 67/67 [00:44<00:00,  1.50it/s]

Train Loss: 1.2945
Epoch 67 - Validation: 100%|████████████████████████████████████████| 20/20 [00:08<00:00,  2.40it/s]

Validation Loss: 1.2780
mIoU: 0.1862 | Precision: 0.2987 | Recall: 0.2632 | F1: 0.2396

================== Epoch: 68 ==================
Epoch 68 - Training: 100%|██████████████████████████████████████████| 67/67 [00:45<00:00,  1.49it/s]

Train Loss: 1.2805
Epoch 68 - Validation: 100%|████████████████████████████████████████| 20/20 [00:08<00:00,  2.36it/s]

Validation Loss: 1.2803
mIoU: 0.1876 | Precision: 0.2916 | Recall: 0.2628 | F1: 0.2413

================== Epoch: 69 ==================
Epoch 69 - Training: 100%|██████████████████████████████████████████| 67/67 [00:45<00:00,  1.49it/s]

Train Loss: 1.2765
Epoch 69 - Validation: 100%|████████████████████████████████████████| 20/20 [00:07<00:00,  2.52it/s]

Validation Loss: 1.3050
mIoU: 0.1830 | Precision: 0.2791 | Recall: 0.2602 | F1: 0.2385

================== Epoch: 70 ==================
Epoch 70 - Training: 100%|██████████████████████████████████████████| 67/67 [00:43<00:00,  1.52it/s]

Train Loss: 1.2811
Epoch 70 - Validation: 100%|████████████████████████████████████████| 20/20 [00:04<00:00,  4.48it/s]

Validation Loss: 1.2751
mIoU: 0.1883 | Precision: 0.3078 | Recall: 0.2677 | F1: 0.2420

================== Epoch: 71 ==================
Epoch 71 - Training: 100%|██████████████████████████████████████████| 67/67 [00:27<00:00,  2.47it/s]

Train Loss: 1.2708
Epoch 71 - Validation: 100%|████████████████████████████████████████| 20/20 [00:04<00:00,  4.01it/s]

Validation Loss: 1.2870
mIoU: 0.1908 | Precision: 0.2852 | Recall: 0.2756 | F1: 0.2462

✅ Saved Best Model with mIoU: 0.1908

✅ Saved Best Model with mF1: 0.2462

================== Epoch: 72 ==================
Epoch 72 - Training: 100%|██████████████████████████████████████████| 67/67 [00:28<00:00,  2.36it/s]

Train Loss: 1.2682
Epoch 72 - Validation: 100%|████████████████████████████████████████| 20/20 [00:05<00:00,  3.89it/s]

Validation Loss: 1.2759
mIoU: 0.1893 | Precision: 0.2903 | Recall: 0.2703 | F1: 0.2439

================== Epoch: 73 ==================
Epoch 73 - Training: 100%|██████████████████████████████████████████| 67/67 [00:28<00:00,  2.39it/s]

Train Loss: 1.2536
Epoch 73 - Validation: 100%|████████████████████████████████████████| 20/20 [00:05<00:00,  3.92it/s]

Validation Loss: 1.2739
mIoU: 0.1887 | Precision: 0.2909 | Recall: 0.2655 | F1: 0.2438

================== Epoch: 74 ==================
Epoch 74 - Training: 100%|██████████████████████████████████████████| 67/67 [00:28<00:00,  2.36it/s]

Train Loss: 1.2555
Epoch 74 - Validation: 100%|████████████████████████████████████████| 20/20 [00:04<00:00,  4.34it/s]

Validation Loss: 1.2712
mIoU: 0.1920 | Precision: 0.2926 | Recall: 0.2732 | F1: 0.2471

✅ Saved Best Model with mIoU: 0.1920

✅ Saved Best Model with mF1: 0.2471

================== Epoch: 75 ==================
Epoch 75 - Training: 100%|██████████████████████████████████████████| 67/67 [00:28<00:00,  2.38it/s]

Train Loss: 1.2627
Epoch 75 - Validation: 100%|████████████████████████████████████████| 20/20 [00:04<00:00,  4.18it/s]

Validation Loss: 1.2726
mIoU: 0.1907 | Precision: 0.3102 | Recall: 0.2675 | F1: 0.2460

================== Epoch: 76 ==================
Epoch 76 - Training: 100%|██████████████████████████████████████████| 67/67 [00:27<00:00,  2.41it/s]

Train Loss: 1.2509
Epoch 76 - Validation: 100%|████████████████████████████████████████| 20/20 [00:05<00:00,  3.92it/s]

Validation Loss: 1.2665
mIoU: 0.1914 | Precision: 0.2952 | Recall: 0.2697 | F1: 0.2465

================== Epoch: 77 ==================
Epoch 77 - Training: 100%|██████████████████████████████████████████| 67/67 [00:26<00:00,  2.50it/s]

Train Loss: 1.2454
Epoch 77 - Validation: 100%|████████████████████████████████████████| 20/20 [00:04<00:00,  4.42it/s]

Validation Loss: 1.2760
mIoU: 0.1832 | Precision: 0.2880 | Recall: 0.2607 | F1: 0.2372

================== Epoch: 78 ==================
Epoch 78 - Training: 100%|██████████████████████████████████████████| 67/67 [00:29<00:00,  2.30it/s]

Train Loss: 1.2581
Epoch 78 - Validation: 100%|████████████████████████████████████████| 20/20 [00:05<00:00,  3.93it/s]

Validation Loss: 1.2604
mIoU: 0.1903 | Precision: 0.2970 | Recall: 0.2696 | F1: 0.2453

================== Epoch: 79 ==================
Epoch 79 - Training: 100%|██████████████████████████████████████████| 67/67 [00:26<00:00,  2.50it/s]

Train Loss: 1.2609
Epoch 79 - Validation: 100%|████████████████████████████████████████| 20/20 [00:04<00:00,  4.49it/s]

Validation Loss: 1.2612
mIoU: 0.1926 | Precision: 0.3080 | Recall: 0.2702 | F1: 0.2483

✅ Saved Best Model with mIoU: 0.1926

✅ Saved Best Model with mF1: 0.2483

================== Epoch: 80 ==================
Epoch 80 - Training: 100%|██████████████████████████████████████████| 67/67 [00:28<00:00,  2.35it/s]

Train Loss: 1.2449
Epoch 80 - Validation: 100%|████████████████████████████████████████| 20/20 [00:04<00:00,  4.52it/s]

Validation Loss: 1.2695
mIoU: 0.1929 | Precision: 0.2972 | Recall: 0.2756 | F1: 0.2491

✅ Saved Best Model with mIoU: 0.1929

✅ Saved Best Model with mF1: 0.2491

================== Epoch: 81 ==================
Epoch 81 - Training: 100%|██████████████████████████████████████████| 67/67 [00:28<00:00,  2.39it/s]

Train Loss: 1.2475
Epoch 81 - Validation: 100%|████████████████████████████████████████| 20/20 [00:05<00:00,  3.76it/s]

Validation Loss: 1.2755
mIoU: 0.1877 | Precision: 0.2871 | Recall: 0.2700 | F1: 0.2422

================== Epoch: 82 ==================
Epoch 82 - Training: 100%|██████████████████████████████████████████| 67/67 [00:28<00:00,  2.34it/s]

Train Loss: 1.2457
Epoch 82 - Validation: 100%|████████████████████████████████████████| 20/20 [00:04<00:00,  4.52it/s]

Validation Loss: 1.2651
mIoU: 0.1860 | Precision: 0.2902 | Recall: 0.2649 | F1: 0.2403

================== Epoch: 83 ==================
Epoch 83 - Training: 100%|██████████████████████████████████████████| 67/67 [00:27<00:00,  2.46it/s]

Train Loss: 1.2386
Epoch 83 - Validation: 100%|████████████████████████████████████████| 20/20 [00:04<00:00,  4.37it/s]

Validation Loss: 1.2571
mIoU: 0.1934 | Precision: 0.2946 | Recall: 0.2741 | F1: 0.2493

✅ Saved Best Model with mIoU: 0.1934

✅ Saved Best Model with mF1: 0.2493

================== Epoch: 84 ==================
Epoch 84 - Training: 100%|██████████████████████████████████████████| 67/67 [00:27<00:00,  2.42it/s]

Train Loss: 1.2368
Epoch 84 - Validation: 100%|████████████████████████████████████████| 20/20 [00:04<00:00,  4.45it/s]

Validation Loss: 1.2578
mIoU: 0.1910 | Precision: 0.2938 | Recall: 0.2727 | F1: 0.2466

================== Epoch: 85 ==================
Epoch 85 - Training: 100%|██████████████████████████████████████████| 67/67 [00:26<00:00,  2.49it/s]

Train Loss: 1.2341
Epoch 85 - Validation: 100%|████████████████████████████████████████| 20/20 [00:05<00:00,  3.93it/s]

Validation Loss: 1.2526
mIoU: 0.1937 | Precision: 0.3071 | Recall: 0.2699 | F1: 0.2497

✅ Saved Best Model with mIoU: 0.1937

✅ Saved Best Model with mF1: 0.2497

================== Epoch: 86 ==================
Epoch 86 - Training: 100%|██████████████████████████████████████████| 67/67 [00:28<00:00,  2.39it/s]

Train Loss: 1.2342
Epoch 86 - Validation: 100%|████████████████████████████████████████| 20/20 [00:04<00:00,  4.54it/s]

Validation Loss: 1.2860
mIoU: 0.1870 | Precision: 0.2797 | Recall: 0.2710 | F1: 0.2415

================== Epoch: 87 ==================
Epoch 87 - Training: 100%|██████████████████████████████████████████| 67/67 [00:26<00:00,  2.49it/s]

Train Loss: 1.2414
Epoch 87 - Validation: 100%|████████████████████████████████████████| 20/20 [00:05<00:00,  3.81it/s]

Validation Loss: 1.2557
mIoU: 0.1947 | Precision: 0.2868 | Recall: 0.2783 | F1: 0.2506

✅ Saved Best Model with mIoU: 0.1947

✅ Saved Best Model with mF1: 0.2506

================== Epoch: 88 ==================
Epoch 88 - Training: 100%|██████████████████████████████████████████| 67/67 [00:27<00:00,  2.46it/s]

Train Loss: 1.2358
Epoch 88 - Validation: 100%|████████████████████████████████████████| 20/20 [00:04<00:00,  4.09it/s]

Validation Loss: 1.2657
mIoU: 0.1891 | Precision: 0.2877 | Recall: 0.2680 | F1: 0.2447

================== Epoch: 89 ==================
Epoch 89 - Training: 100%|██████████████████████████████████████████| 67/67 [00:28<00:00,  2.39it/s]

Train Loss: 1.2247
Epoch 89 - Validation: 100%|████████████████████████████████████████| 20/20 [00:05<00:00,  3.73it/s]

Validation Loss: 1.2482
mIoU: 0.1895 | Precision: 0.2941 | Recall: 0.2676 | F1: 0.2448

================== Epoch: 90 ==================
Epoch 90 - Training: 100%|██████████████████████████████████████████| 67/67 [00:27<00:00,  2.44it/s]

Train Loss: 1.2213
Epoch 90 - Validation: 100%|████████████████████████████████████████| 20/20 [00:04<00:00,  4.13it/s]

Validation Loss: 1.2466
mIoU: 0.1923 | Precision: 0.2991 | Recall: 0.2735 | F1: 0.2477

================== Epoch: 91 ==================
Epoch 91 - Training: 100%|██████████████████████████████████████████| 67/67 [00:27<00:00,  2.43it/s]

Train Loss: 1.2266
Epoch 91 - Validation: 100%|████████████████████████████████████████| 20/20 [00:04<00:00,  4.03it/s]

Validation Loss: 1.2484
mIoU: 0.1944 | Precision: 0.3029 | Recall: 0.2760 | F1: 0.2506

================== Epoch: 92 ==================
Epoch 92 - Training: 100%|██████████████████████████████████████████| 67/67 [00:27<00:00,  2.44it/s]

Train Loss: 1.2195
Epoch 92 - Validation: 100%|████████████████████████████████████████| 20/20 [00:04<00:00,  4.01it/s]

Validation Loss: 1.2424
mIoU: 0.1948 | Precision: 0.3064 | Recall: 0.2740 | F1: 0.2509

✅ Saved Best Model with mIoU: 0.1948

✅ Saved Best Model with mF1: 0.2509

================== Epoch: 93 ==================
Epoch 93 - Training: 100%|██████████████████████████████████████████| 67/67 [00:27<00:00,  2.45it/s]

Train Loss: 1.2208
Epoch 93 - Validation: 100%|████████████████████████████████████████| 20/20 [00:04<00:00,  4.17it/s]

Validation Loss: 1.2353
mIoU: 0.1942 | Precision: 0.3036 | Recall: 0.2705 | F1: 0.2510

✅ Saved Best Model with mF1: 0.2510

================== Epoch: 94 ==================
Epoch 94 - Training: 100%|██████████████████████████████████████████| 67/67 [00:27<00:00,  2.41it/s]

Train Loss: 1.2092
Epoch 94 - Validation: 100%|████████████████████████████████████████| 20/20 [00:04<00:00,  4.42it/s]

Validation Loss: 1.2381
mIoU: 0.1953 | Precision: 0.3004 | Recall: 0.2780 | F1: 0.2517

✅ Saved Best Model with mIoU: 0.1953

✅ Saved Best Model with mF1: 0.2517

================== Epoch: 95 ==================
Epoch 95 - Training: 100%|██████████████████████████████████████████| 67/67 [00:28<00:00,  2.36it/s]

Train Loss: 1.2091
Epoch 95 - Validation: 100%|████████████████████████████████████████| 20/20 [00:05<00:00,  3.78it/s]

Validation Loss: 1.2361
mIoU: 0.1928 | Precision: 0.2988 | Recall: 0.2714 | F1: 0.2483

================== Epoch: 96 ==================
Epoch 96 - Training: 100%|██████████████████████████████████████████| 67/67 [00:27<00:00,  2.45it/s]

Train Loss: 1.2118
Epoch 96 - Validation: 100%|████████████████████████████████████████| 20/20 [00:04<00:00,  4.36it/s]

Validation Loss: 1.2488
mIoU: 0.1887 | Precision: 0.2962 | Recall: 0.2637 | F1: 0.2442

================== Epoch: 97 ==================
Epoch 97 - Training: 100%|██████████████████████████████████████████| 67/67 [00:27<00:00,  2.41it/s]

Train Loss: 1.2056
Epoch 97 - Validation: 100%|████████████████████████████████████████| 20/20 [00:04<00:00,  4.27it/s]

Validation Loss: 1.2475
mIoU: 0.1952 | Precision: 0.3002 | Recall: 0.2817 | F1: 0.2519

✅ Saved Best Model with mF1: 0.2519

================== Epoch: 98 ==================
Epoch 98 - Training: 100%|██████████████████████████████████████████| 67/67 [00:29<00:00,  2.29it/s]

Train Loss: 1.2061
Epoch 98 - Validation: 100%|████████████████████████████████████████| 20/20 [00:05<00:00,  3.93it/s]

Validation Loss: 1.2488
mIoU: 0.1913 | Precision: 0.2986 | Recall: 0.2731 | F1: 0.2471

================== Epoch: 99 ==================
Epoch 99 - Training: 100%|██████████████████████████████████████████| 67/67 [00:28<00:00,  2.38it/s]

Train Loss: 1.2020
Epoch 99 - Validation: 100%|████████████████████████████████████████| 20/20 [00:04<00:00,  4.48it/s]

Validation Loss: 1.2352
mIoU: 0.1952 | Precision: 0.2938 | Recall: 0.2769 | F1: 0.2516

================== Epoch: 100 ==================
Epoch 100 - Training: 100%|█████████████████████████████████████████| 67/67 [00:28<00:00,  2.37it/s]

Train Loss: 1.2018
Epoch 100 - Validation: 100%|███████████████████████████████████████| 20/20 [00:04<00:00,  4.15it/s]

Validation Loss: 1.2300
mIoU: 0.1936 | Precision: 0.2970 | Recall: 0.2699 | F1: 0.2494
